Archive member included because of file (symbol)

c:/program files/atmel/atmel toolchain/avr8 gcc/native/3.4.2.1002/avr8-gnu-toolchain/bin/../lib/gcc/avr/4.7.2/avrxmega2\libgcc.a(_divmodhi4.o)
                              src/main.o (__divmodhi4)
c:/program files/atmel/atmel toolchain/avr8 gcc/native/3.4.2.1002/avr8-gnu-toolchain/bin/../lib/gcc/avr/4.7.2/avrxmega2\libgcc.a(_udivmodsi4.o)
                              src/ASF/xmega/drivers/usart/usart.o (__udivmodsi4)
c:/program files/atmel/atmel toolchain/avr8 gcc/native/3.4.2.1002/avr8-gnu-toolchain/bin/../lib/gcc/avr/4.7.2/avrxmega2\libgcc.a(_exit.o)
                              c:/program files/atmel/atmel toolchain/avr8 gcc/native/3.4.2.1002/avr8-gnu-toolchain/bin/../lib/gcc/avr/4.7.2/../../../../avr/lib/avrxmega2/crtx32a4u.o (exit)
c:/program files/atmel/atmel toolchain/avr8 gcc/native/3.4.2.1002/avr8-gnu-toolchain/bin/../lib/gcc/avr/4.7.2/avrxmega2\libgcc.a(_copy_data.o)
                              src/ASF/common/services/sleepmgr/xmega/sleepmgr.o (__do_copy_data)
c:/program files/atmel/atmel toolchain/avr8 gcc/native/3.4.2.1002/avr8-gnu-toolchain/bin/../lib/gcc/avr/4.7.2/avrxmega2\libgcc.a(_clear_bss.o)
                              src/ASF/common/services/sleepmgr/xmega/sleepmgr.o (__do_clear_bss)
c:/program files/atmel/atmel toolchain/avr8 gcc/native/3.4.2.1002/avr8-gnu-toolchain/bin/../lib/gcc/avr/4.7.2/avrxmega2\libgcc.a(_umulhisi3.o)
                              src/ASF/xmega/services/pwm/pwm.o (__umulhisi3)
c:/program files/atmel/atmel toolchain/avr8 gcc/native/3.4.2.1002/avr8-gnu-toolchain/bin/../lib/gcc/avr/4.7.2/avrxmega2\libgcc.a(_addsub_sf.o)
                              src/main.o (__addsf3)
c:/program files/atmel/atmel toolchain/avr8 gcc/native/3.4.2.1002/avr8-gnu-toolchain/bin/../lib/gcc/avr/4.7.2/avrxmega2\libgcc.a(_mul_sf.o)
                              src/main.o (__mulsf3)
c:/program files/atmel/atmel toolchain/avr8 gcc/native/3.4.2.1002/avr8-gnu-toolchain/bin/../lib/gcc/avr/4.7.2/avrxmega2\libgcc.a(_gt_sf.o)
                              src/main.o (__gtsf2)
c:/program files/atmel/atmel toolchain/avr8 gcc/native/3.4.2.1002/avr8-gnu-toolchain/bin/../lib/gcc/avr/4.7.2/avrxmega2\libgcc.a(_lt_sf.o)
                              src/main.o (__ltsf2)
c:/program files/atmel/atmel toolchain/avr8 gcc/native/3.4.2.1002/avr8-gnu-toolchain/bin/../lib/gcc/avr/4.7.2/avrxmega2\libgcc.a(_si_to_sf.o)
                              src/main.o (__floatsisf)
c:/program files/atmel/atmel toolchain/avr8 gcc/native/3.4.2.1002/avr8-gnu-toolchain/bin/../lib/gcc/avr/4.7.2/avrxmega2\libgcc.a(_sf_to_si.o)
                              src/main.o (__fixsfsi)
c:/program files/atmel/atmel toolchain/avr8 gcc/native/3.4.2.1002/avr8-gnu-toolchain/bin/../lib/gcc/avr/4.7.2/avrxmega2\libgcc.a(_thenan_sf.o)
                              c:/program files/atmel/atmel toolchain/avr8 gcc/native/3.4.2.1002/avr8-gnu-toolchain/bin/../lib/gcc/avr/4.7.2/avrxmega2\libgcc.a(_addsub_sf.o) (__thenan_sf)
c:/program files/atmel/atmel toolchain/avr8 gcc/native/3.4.2.1002/avr8-gnu-toolchain/bin/../lib/gcc/avr/4.7.2/avrxmega2\libgcc.a(_udivmodhi4.o)
                              c:/program files/atmel/atmel toolchain/avr8 gcc/native/3.4.2.1002/avr8-gnu-toolchain/bin/../lib/gcc/avr/4.7.2/avrxmega2\libgcc.a(_divmodhi4.o) (__udivmodhi4)
c:/program files/atmel/atmel toolchain/avr8 gcc/native/3.4.2.1002/avr8-gnu-toolchain/bin/../lib/gcc/avr/4.7.2/avrxmega2\libgcc.a(_clzsi2.o)
                              c:/program files/atmel/atmel toolchain/avr8 gcc/native/3.4.2.1002/avr8-gnu-toolchain/bin/../lib/gcc/avr/4.7.2/avrxmega2\libgcc.a(_si_to_sf.o) (__clzsi2)
c:/program files/atmel/atmel toolchain/avr8 gcc/native/3.4.2.1002/avr8-gnu-toolchain/bin/../lib/gcc/avr/4.7.2/avrxmega2\libgcc.a(_clzhi2.o)
                              c:/program files/atmel/atmel toolchain/avr8 gcc/native/3.4.2.1002/avr8-gnu-toolchain/bin/../lib/gcc/avr/4.7.2/avrxmega2\libgcc.a(_clzsi2.o) (__clzhi2)
c:/program files/atmel/atmel toolchain/avr8 gcc/native/3.4.2.1002/avr8-gnu-toolchain/bin/../lib/gcc/avr/4.7.2/avrxmega2\libgcc.a(_prologue.o)
                              c:/program files/atmel/atmel toolchain/avr8 gcc/native/3.4.2.1002/avr8-gnu-toolchain/bin/../lib/gcc/avr/4.7.2/avrxmega2\libgcc.a(_addsub_sf.o) (__prologue_saves__)
c:/program files/atmel/atmel toolchain/avr8 gcc/native/3.4.2.1002/avr8-gnu-toolchain/bin/../lib/gcc/avr/4.7.2/avrxmega2\libgcc.a(_epilogue.o)
                              c:/program files/atmel/atmel toolchain/avr8 gcc/native/3.4.2.1002/avr8-gnu-toolchain/bin/../lib/gcc/avr/4.7.2/avrxmega2\libgcc.a(_addsub_sf.o) (__epilogue_restores__)
c:/program files/atmel/atmel toolchain/avr8 gcc/native/3.4.2.1002/avr8-gnu-toolchain/bin/../lib/gcc/avr/4.7.2/avrxmega2\libgcc.a(_pack_sf.o)
[...]
Memory Configuration

Name             Origin             Length             Attributes
text             0x00000000         0x00100000         xr
data             0x00802000         0x0000ffa0         rw !x
eeprom           0x00810000         0x00010000         rw !x
fuse             0x00820000         0x00000400         rw !x
lock             0x00830000         0x00000400         rw !x
signature        0x00840000         0x00000400         rw !x
user_signatures  0x00850000         0x00000400         rw !x
*default*        0x00000000         0xffffffff

Linker script and memory map

LOAD c:/program files/atmel/atmel toolchain/avr8 gcc/native/3.4.2.1002/avr8-gnu-toolchain/bin/../lib/gcc/avr/4.7.2/../../../../avr/lib/avrxmega2/crtx32a4u.o
LOAD src/ASF/common/boards/user_board/init.o
LOAD src/ASF/common/services/clock/xmega/sysclk.o
LOAD src/ASF/common/services/ioport/xmega/ioport_compat.o
LOAD src/ASF/common/services/serial/usart_serial.o
LOAD src/ASF/common/services/sleepmgr/xmega/sleepmgr.o
LOAD src/ASF/common/utils/stdio/read.o
LOAD src/ASF/common/utils/stdio/write.o
LOAD src/ASF/xmega/drivers/adc/adc.o
LOAD src/ASF/xmega/drivers/adc/xmega_aau/adc_aau.o
LOAD src/ASF/xmega/drivers/cpu/ccp.o
LOAD src/ASF/xmega/drivers/nvm/nvm.o
LOAD src/ASF/xmega/drivers/nvm/nvm_asm.o
LOAD src/ASF/xmega/drivers/tc/tc.o
LOAD src/ASF/xmega/drivers/usart/usart.o
LOAD src/ASF/xmega/services/pwm/pwm.o
LOAD src/main.o
START GROUP
END GROUP
LOAD c:/program files/atmel/atmel toolchain/avr8 gcc/native/3.4.2.1002/avr8-gnu-toolchain/bin/../lib/gcc/avr/4.7.2/avrxmega2\libgcc.a
LOAD c:/program files/atmel/atmel toolchain/avr8 gcc/native/3.4.2.1002/avr8-gnu-toolchain/bin/../lib/gcc/avr/4.7.2/../../../../avr/lib/avrxmega2\libc.a
LOAD c:/program files/atmel/atmel toolchain/avr8 gcc/native/3.4.2.1002/avr8-gnu-toolchain/bin/../lib/gcc/avr/4.7.2/avrxmega2\libgcc.a

.hash
 *(.hash)

.dynsym
 *(.dynsym)

.dynstr
 *(.dynstr)

.gnu.version
 *(.gnu.version)

.gnu.version_d
 *(.gnu.version_d)

.gnu.version_r
 *(.gnu.version_r)

.rel.init
 *(.rel.init)

.rela.init
 *(.rela.init)

.rel.text
 *(.rel.text)
 *(.rel.text.*)
 *(.rel.gnu.linkonce.t*)

.rela.text
 *(.rela.text)
 *(.rela.text.*)
 *(.rela.gnu.linkonce.t*)

.rel.fini
 *(.rel.fini)

.rela.fini
 *(.rela.fini)

.rel.rodata
 *(.rel.rodata)
 *(.rel.rodata.*)
 *(.rel.gnu.linkonce.r*)

.rela.rodata
 *(.rela.rodata)
 *(.rela.rodata.*)
 *(.rela.gnu.linkonce.r*)

.rel.data
 *(.rel.data)
 *(.rel.data.*)
 *(.rel.gnu.linkonce.d*)

.rela.data
 *(.rela.data)
 *(.rela.data.*)
 *(.rela.gnu.linkonce.d*)

.rel.ctors
 *(.rel.ctors)

.rela.ctors
 *(.rela.ctors)

.rel.dtors
 *(.rel.dtors)

.rela.dtors
 *(.rela.dtors)

.rel.got
 *(.rel.got)

.rela.got
 *(.rela.got)

.rel.bss
 *(.rel.bss)

.rela.bss
 *(.rela.bss)

.rel.plt
 *(.rel.plt)

.rela.plt
 *(.rela.plt)

.text           0x00000000     0x2802
 *(.vectors)
 .vectors       0x00000000      0x1fc c:/program files/atmel/atmel toolchain/avr8 gcc/native/3.4.2.1002/avr8-gnu-toolchain/bin/../lib/gcc/avr/4.7.2/../../../../avr/lib/avrxmega2/crtx32a4u.o
                0x00000000                __vector_default
                0x00000000                __vectors
 *(.vectors)
 *(.progmem.gcc*)
 *(.progmem*)
                0x000001fc                . = ALIGN (0x2)
                0x000001fc                __trampolines_start = .
 *(.trampolines)
 .trampolines   0x000001fc        0x0 linker stubs
 *(.trampolines*)
                0x000001fc                __trampolines_end = .
 *(.jumptables)
 *(.jumptables*)
 *(.lowtext)
 *(.lowtext*)
                0x000001fc                __ctors_start = .
 *(.ctors)
                0x000001fc                __ctors_end = .
                0x000001fc                __dtors_start = .
 *(.dtors)
                0x000001fc                __dtors_end = .
 SORT(*)(.ctors)
 SORT(*)(.dtors)
 *(.init0)
 .init0         0x000001fc        0x0 c:/program files/atmel/atmel toolchain/avr8 gcc/native/3.4.2.1002/avr8-gnu-toolchain/bin/../lib/gcc/avr/4.7.2/../../../../avr/lib/avrxmega2/crtx32a4u.o
                0x000001fc                __init
 *(.init0)
 *(.init1)
 *(.init1)
 *(.init2)
 .init2         0x000001fc        0xc c:/program files/atmel/atmel toolchain/avr8 gcc/native/3.4.2.1002/avr8-gnu-toolchain/bin/../lib/gcc/avr/4.7.2/../../../../avr/lib/avrxmega2/crtx32a4u.o
 *(.init2)
 *(.init3)
 *(.init3)
 *(.init4)
 .init4         0x00000208       0x16 c:/program files/atmel/atmel toolchain/avr8 gcc/native/3.4.2.1002/avr8-gnu-toolchain/bin/../lib/gcc/avr/4.7.2/avrxmega2\libgcc.a(_copy_data.o)
                0x00000208                __do_copy_data
 .init4         0x0000021e       0x10 c:/program files/atmel/atmel toolchain/avr8 gcc/native/3.4.2.1002/avr8-gnu-toolchain/bin/../lib/gcc/avr/4.7.2/avrxmega2\libgcc.a(_clear_bss.o)
                0x0000021e                __do_clear_bss
 *(.init4)
 *(.init5)
 *(.init5)
 *(.init6)
 *(.init6)
 *(.init7)
 *(.init7)
 *(.init8)
 *(.init8)
 *(.init9)
 .init9         0x0000022e        0x8 c:/program files/atmel/atmel toolchain/avr8 gcc/native/3.4.2.1002/avr8-gnu-toolchain/bin/../lib/gcc/avr/4.7.2/../../../../avr/lib/avrxmega2/crtx32a4u.o
 *(.init9)
 *(.text)
 .text          0x00000236        0x2 c:/program files/atmel/atmel toolchain/avr8 gcc/native/3.4.2.1002/avr8-gnu-toolchain/bin/../lib/gcc/avr/4.7.2/../../../../avr/lib/avrxmega2/crtx32a4u.o
                0x00000236                __vector_38
                0x00000236                __vector_104
                0x00000236                __vector_63
                0x00000236                __vector_28
                0x00000236                __vector_67
                0x00000236                __vector_1
                0x00000236                __vector_119
                0x00000236                __vector_32
                0x00000236                __vector_75
                0x00000236                __vector_71
                0x00000236                __vector_91
                0x00000236                __vector_34
                0x00000236                __vector_62
                0x00000236                __vector_102
                0x00000236                __vector_24
                0x00000236                __vector_12
                0x00000236                __vector_55
                0x00000236                __vector_69
                0x00000236                __vector_90
                0x00000236                __vector_46
                0x00000236                __bad_interrupt
                0x00000236                __vector_122
                0x00000236                __vector_72
                0x00000236                __vector_114
                0x00000236                __vector_6
                0x00000236                __vector_110
                0x00000236                __vector_31
                0x00000236                __vector_92
                0x00000236                __vector_35
                0x00000236                __vector_74
                0x00000236                __vector_117
                0x00000236                __vector_39
                0x00000236                __vector_107
                0x00000236                __vector_3
                0x00000236                __vector_105
                0x00000236                __vector_98
                0x00000236                __vector_68
                0x00000236                __vector_30
                0x00000236                __vector_73
                0x00000236                __vector_45
                0x00000236                __vector_25
                0x00000236                __vector_93
                0x00000236                __vector_61
                0x00000236                __vector_11
                0x00000236                __vector_54
                0x00000236                __vector_99
                0x00000236                __vector_13
                0x00000236                __vector_56
                0x00000236                __vector_7
                0x00000236                __vector_125
                0x00000236                __vector_123
                0x00000236                __vector_41
                0x00000236                __vector_100
                0x00000236                __vector_101
                0x00000236                __vector_64
                0x00000236                __vector_88
                0x00000236                __vector_109
                0x00000236                __vector_43
                0x00000236                __vector_27
                0x00000236                __vector_5
                0x00000236                __vector_113
                0x00000236                __vector_33
                0x00000236                __vector_76
                0x00000236                __vector_115
                0x00000236                __vector_37
                0x00000236                __vector_95
                0x00000236                __vector_103
                0x00000236                __vector_96
                0x00000236                __vector_89
                0x00000236                __vector_108
                0x00000236                __vector_4
                0x00000236                __vector_44
                0x00000236                __vector_106
                0x00000236                __vector_118
                0x00000236                __vector_9
                0x00000236                __vector_2
                0x00000236                __vector_66
                0x00000236                __vector_36
                0x00000236                __vector_58
                0x00000236                __vector_70
                0x00000236                __vector_29
                0x00000236                __vector_60
                0x00000236                __vector_121
                0x00000236                __vector_40
                0x00000236                __vector_94
                0x00000236                __vector_126
                0x00000236                __vector_8
                0x00000236                __vector_26
                0x00000236                __vector_124
                0x00000236                __vector_116
                0x00000236                __vector_112
                0x00000236                __vector_111
                0x00000236                __vector_57
                0x00000236                __vector_53
                0x00000236                __vector_10
                0x00000236                __vector_59
                0x00000236                __vector_97
                0x00000236                __vector_42
                0x00000236                __vector_87
                0x00000236                __vector_65
                0x00000236                __vector_120
 .text          0x00000238      0x360 c:/program files/atmel/atmel toolchain/avr8 gcc/native/3.4.2.1002/avr8-gnu-toolchain/bin/../lib/gcc/avr/4.7.2/avrxmega2\libgcc.a(_addsub_sf.o)
                0x000004f0                __addsf3
                0x00000540                __subsf3
 .text          0x00000598      0x1c4 c:/program files/atmel/atmel toolchain/avr8 gcc/native/3.4.2.1002/avr8-gnu-toolchain/bin/../lib/gcc/avr/4.7.2/avrxmega2\libgcc.a(_mul_sf.o)
                0x00000598                __mulsf3
 .text          0x0000075c       0x58 c:/program files/atmel/atmel toolchain/avr8 gcc/native/3.4.2.1002/avr8-gnu-toolchain/bin/../lib/gcc/avr/4.7.2/avrxmega2\libgcc.a(_gt_sf.o)
                0x0000075c                __gtsf2
 .text          0x000007b4       0x58 c:/program files/atmel/atmel toolchain/avr8 gcc/native/3.4.2.1002/avr8-gnu-toolchain/bin/../lib/gcc/avr/4.7.2/avrxmega2\libgcc.a(_lt_sf.o)
                0x000007b4                __ltsf2
 .text          0x0000080c       0xb6 c:/program files/atmel/atmel toolchain/avr8 gcc/native/3.4.2.1002/avr8-gnu-toolchain/bin/../lib/gcc/avr/4.7.2/avrxmega2\libgcc.a(_si_to_sf.o)
                0x0000080c                __floatsisf
 .text          0x000008c2       0x9c c:/program files/atmel/atmel toolchain/avr8 gcc/native/3.4.2.1002/avr8-gnu-toolchain/bin/../lib/gcc/avr/4.7.2/avrxmega2\libgcc.a(_sf_to_si.o)
                0x000008c2                __fixsfsi
 .text          0x0000095e      0x194 c:/program files/atmel/atmel toolchain/avr8 gcc/native/3.4.2.1002/avr8-gnu-toolchain/bin/../lib/gcc/avr/4.7.2/avrxmega2\libgcc.a(_pack_sf.o)
                0x0000095e                __pack_f
 .text          0x00000af2       0xde c:/program files/atmel/atmel toolchain/avr8 gcc/native/3.4.2.1002/avr8-gnu-toolchain/bin/../lib/gcc/avr/4.7.2/avrxmega2\libgcc.a(_unpack_sf.o)
                0x00000af2                __unpack_f
 .text          0x00000bd0       0xc2 c:/program files/atmel/atmel toolchain/avr8 gcc/native/3.4.2.1002/avr8-gnu-toolchain/bin/../lib/gcc/avr/4.7.2/avrxmega2\libgcc.a(_fpcmp_parts_sf.o)
                0x00000bd0                __fpcmp_parts_f
                0x00000c92                . = ALIGN (0x2)
 *(.text.*)
 .text.board_init
                0x00000c92        0x2 src/ASF/common/boards/user_board/init.o
                0x00000c92                board_init
 .text.sysclk_init
                0x00000c94       0x4e src/ASF/common/services/clock/xmega/sysclk.o
                0x00000c94                sysclk_init
 .text.sysclk_enable_module
                0x00000ce2       0x16 src/ASF/common/services/clock/xmega/sysclk.o
                0x00000ce2                sysclk_enable_module
 .text.sysclk_disable_module
                0x00000cf8       0x14 src/ASF/common/services/clock/xmega/sysclk.o
                0x00000cf8                sysclk_disable_module
 .text.adc_enable_clock
                0x00000d0c       0x20 src/ASF/xmega/drivers/adc/adc.o
                0x00000d0c                adc_enable_clock
 .text.adc_disable_clock
                0x00000d2c       0x1e src/ASF/xmega/drivers/adc/adc.o
                0x00000d2c                adc_disable_clock
 .text.adc_enable
                0x00000d4a       0x2e src/ASF/xmega/drivers/adc/adc.o
                0x00000d4a                adc_enable
 .text.adc_write_configuration
                0x00000d78       0x7a src/ASF/xmega/drivers/adc/xmega_aau/adc_aau.o
                0x00000d78                adc_write_configuration
 .text.adc_read_configuration
                0x00000df2       0x46 src/ASF/xmega/drivers/adc/xmega_aau/adc_aau.o
                0x00000df2                adc_read_configuration
 .text.adcch_write_configuration
                0x00000e38       0x72 src/ASF/xmega/drivers/adc/xmega_aau/adc_aau.o
                0x00000e38                adcch_write_configuration
 .text.adcch_read_configuration
                0x00000eaa       0x74 src/ASF/xmega/drivers/adc/xmega_aau/adc_aau.o
                0x00000eaa                adcch_read_configuration
 .text.ccp_write_io
                0x00000f1e        0xc src/ASF/xmega/drivers/cpu/ccp.o
                0x00000f1e                ccp_write_io
 .text.nvm_read_byte
                0x00000f2a       0x14 src/ASF/xmega/drivers/nvm/nvm_asm.o
                0x00000f2a                nvm_read_byte
 .text.__vector_14
                0x00000f3e       0x52 src/ASF/xmega/drivers/tc/tc.o
                0x00000f3e                __vector_14
 .text.__vector_15
                0x00000f90       0x52 src/ASF/xmega/drivers/tc/tc.o
                0x00000f90                __vector_15
 .text.__vector_16
                0x00000fe2       0x52 src/ASF/xmega/drivers/tc/tc.o
                0x00000fe2                __vector_16
 .text.__vector_17
                0x00001034       0x52 src/ASF/xmega/drivers/tc/tc.o
                0x00001034                __vector_17
 .text.__vector_18
                0x00001086       0x52 src/ASF/xmega/drivers/tc/tc.o
                0x00001086                __vector_18
 .text.__vector_19
                0x000010d8       0x52 src/ASF/xmega/drivers/tc/tc.o
                0x000010d8                __vector_19
 .text.__vector_20
                0x0000112a       0x52 src/ASF/xmega/drivers/tc/tc.o
                0x0000112a                __vector_20
 .text.__vector_21
                0x0000117c       0x52 src/ASF/xmega/drivers/tc/tc.o
                0x0000117c                __vector_21
 .text.__vector_22
                0x000011ce       0x52 src/ASF/xmega/drivers/tc/tc.o
                0x000011ce                __vector_22
 .text.__vector_23
                0x00001220       0x52 src/ASF/xmega/drivers/tc/tc.o
                0x00001220                __vector_23
 .text.__vector_77
                0x00001272       0x52 src/ASF/xmega/drivers/tc/tc.o
                0x00001272                __vector_77
 .text.__vector_78
                0x000012c4       0x52 src/ASF/xmega/drivers/tc/tc.o
                0x000012c4                __vector_78
 .text.__vector_79
                0x00001316       0x52 src/ASF/xmega/drivers/tc/tc.o
                0x00001316                __vector_79
 .text.__vector_80
                0x00001368       0x52 src/ASF/xmega/drivers/tc/tc.o
                0x00001368                __vector_80
 .text.__vector_81
                0x000013ba       0x52 src/ASF/xmega/drivers/tc/tc.o
                0x000013ba                __vector_81
 .text.__vector_82
                0x0000140c       0x52 src/ASF/xmega/drivers/tc/tc.o
                0x0000140c                __vector_82
 .text.__vector_83
                0x0000145e       0x52 src/ASF/xmega/drivers/tc/tc.o
                0x0000145e                __vector_83
 .text.__vector_84
                0x000014b0       0x52 src/ASF/xmega/drivers/tc/tc.o
                0x000014b0                __vector_84
 .text.__vector_85
                0x00001502       0x52 src/ASF/xmega/drivers/tc/tc.o
                0x00001502                __vector_85
 .text.__vector_86
                0x00001554       0x52 src/ASF/xmega/drivers/tc/tc.o
                0x00001554                __vector_86
 .text.__vector_47
                0x000015a6       0x52 src/ASF/xmega/drivers/tc/tc.o
                0x000015a6                __vector_47
 .text.__vector_48
                0x000015f8       0x52 src/ASF/xmega/drivers/tc/tc.o
                0x000015f8                __vector_48
 .text.__vector_49
                0x0000164a       0x52 src/ASF/xmega/drivers/tc/tc.o
                0x0000164a                __vector_49
 .text.__vector_50
                0x0000169c       0x52 src/ASF/xmega/drivers/tc/tc.o
                0x0000169c                __vector_50
 .text.__vector_51
                0x000016ee       0x52 src/ASF/xmega/drivers/tc/tc.o
                0x000016ee                __vector_51
 .text.__vector_52
                0x00001740       0x52 src/ASF/xmega/drivers/tc/tc.o
                0x00001740                __vector_52
 .text.tc_enable
                0x00001792       0xa0 src/ASF/xmega/drivers/tc/tc.o
                0x00001792                tc_enable
 .text.tc_set_overflow_interrupt_callback
                0x00001832       0x58 src/ASF/xmega/drivers/tc/tc.o
                0x00001832                tc_set_overflow_interrupt_callback
 .text.pwm_set_frequency
                0x0000188a       0xee src/ASF/xmega/services/pwm/pwm.o
                0x0000188a                pwm_set_frequency
 .text.pwm_init
                0x00001978      0x182 src/ASF/xmega/services/pwm/pwm.o
                0x00001978                pwm_init
 .text.pwm_start
                0x00001afa       0xac src/ASF/xmega/services/pwm/pwm.o
                0x00001afa                pwm_start
 .text.computePID
                0x00001ba6      0x17c src/main.o
                0x00001ba6                computePID
 .text.tc_init  0x00001d22       0x3a src/main.o
                0x00001d22                tc_init
 .text.init_motors
                0x00001d5c       0x24 src/main.o
                0x00001d5c                init_motors
 .text.set_motorB
                0x00001d80       0x46 src/main.o
                0x00001d80                set_motorB
 .text.set_motorA
                0x00001dc6       0x44 src/main.o
                0x00001dc6                set_motorA
 .text.set_motors
                0x00001e0a      0x12e src/main.o
                0x00001e0a                set_motors
 .text.read_adc
                0x00001f38       0x92 src/main.o
                0x00001f38                read_adc
 .text.read_sensor
                0x00001fca       0x8a src/main.o
                0x00001fca                read_sensor
 .text.sensors_init
                0x00002054       0x20 src/main.o
                0x00002054                sensors_init
 .text.main     0x00002074      0x106 src/main.o
                0x00002074                main
 .text.sensors_read
                0x0000217a      0x3d6 src/main.o
                0x0000217a                sensors_read
 .text.mainLoop
                0x00002550      0x170 src/main.o
                0x00002550                mainLoop
 .text.libgcc.div
                0x000026c0       0x26 c:/program files/atmel/atmel toolchain/avr8 gcc/native/3.4.2.1002/avr8-gnu-toolchain/bin/../lib/gcc/avr/4.7.2/avrxmega2\libgcc.a(_divmodhi4.o)
                0x000026c0                _div
                0x000026c0                __divmodhi4
 .text.libgcc.div
                0x000026e6       0x44 c:/program files/atmel/atmel toolchain/avr8 gcc/native/3.4.2.1002/avr8-gnu-toolchain/bin/../lib/gcc/avr/4.7.2/avrxmega2\libgcc.a(_udivmodsi4.o)
                0x000026e6                __udivmodsi4
 .text.libgcc.mul
                0x0000272a       0x18 c:/program files/atmel/atmel toolchain/avr8 gcc/native/3.4.2.1002/avr8-gnu-toolchain/bin/../lib/gcc/avr/4.7.2/avrxmega2\libgcc.a(_umulhisi3.o)
                0x0000272a                __umulhisi3
 .text.libgcc.div
                0x00002742       0x28 c:/program files/atmel/atmel toolchain/avr8 gcc/native/3.4.2.1002/avr8-gnu-toolchain/bin/../lib/gcc/avr/4.7.2/avrxmega2\libgcc.a(_udivmodhi4.o)
                0x00002742                __udivmodhi4
 .text.libgcc.builtins
                0x0000276a        0xe c:/program files/atmel/atmel toolchain/avr8 gcc/native/3.4.2.1002/avr8-gnu-toolchain/bin/../lib/gcc/avr/4.7.2/avrxmega2\libgcc.a(_clzsi2.o)
                0x0000276a                __clzsi2
 .text.libgcc.builtins
                0x00002778       0x24 c:/program files/atmel/atmel toolchain/avr8 gcc/native/3.4.2.1002/avr8-gnu-toolchain/bin/../lib/gcc/avr/4.7.2/avrxmega2\libgcc.a(_clzhi2.o)
                0x00002778                __clzhi2
 .text.libgcc.prologue
                0x0000279c       0x32 c:/program files/atmel/atmel toolchain/avr8 gcc/native/3.4.2.1002/avr8-gnu-toolchain/bin/../lib/gcc/avr/4.7.2/avrxmega2\libgcc.a(_prologue.o)
                0x0000279c                __prologue_saves__
 .text.libgcc.prologue
                0x000027ce       0x30 c:/program files/atmel/atmel toolchain/avr8 gcc/native/3.4.2.1002/avr8-gnu-toolchain/bin/../lib/gcc/avr/4.7.2/avrxmega2\libgcc.a(_epilogue.o)
                0x000027ce                __epilogue_restores__
                0x000027fe                . = ALIGN (0x2)
 *(.fini9)
 .fini9         0x000027fe        0x0 c:/program files/atmel/atmel toolchain/avr8 gcc/native/3.4.2.1002/avr8-gnu-toolchain/bin/../lib/gcc/avr/4.7.2/avrxmega2\libgcc.a(_exit.o)
                0x000027fe                _exit
                0x000027fe                exit
 *(.fini9)
 *(.fini8)
 *(.fini8)
 *(.fini7)
 *(.fini7)
 *(.fini6)
 *(.fini6)
 *(.fini5)
 *(.fini5)
 *(.fini4)
 *(.fini4)
 *(.fini3)
 *(.fini3)
 *(.fini2)
 *(.fini2)
 *(.fini1)
 *(.fini1)
 *(.fini0)
 .fini0         0x000027fe        0x4 c:/program files/atmel/atmel toolchain/avr8 gcc/native/3.4.2.1002/avr8-gnu-toolchain/bin/../lib/gcc/avr/4.7.2/avrxmega2\libgcc.a(_exit.o)
 *(.fini0)
                0x00002802                _etext = .

.data           0x00802000        0xe load address 0x00002802
                0x00802000                PROVIDE (__data_start, .)
 *(.data)
 .data          0x00802000        0x0 c:/program files/atmel/atmel toolchain/avr8 gcc/native/3.4.2.1002/avr8-gnu-toolchain/bin/../lib/gcc/avr/4.7.2/../../../../avr/lib/avrxmega2/crtx32a4u.o
 .data          0x00802000        0x0 src/ASF/common/boards/user_board/init.o
 .data          0x00802000        0x0 src/ASF/common/services/clock/xmega/sysclk.o
 .data          0x00802000        0x0 src/ASF/common/services/ioport/xmega/ioport_compat.o
 .data          0x00802000        0x0 src/ASF/common/services/serial/usart_serial.o
 .data          0x00802000        0x0 src/ASF/common/services/sleepmgr/xmega/sleepmgr.o
 .data          0x00802000        0x0 src/ASF/common/utils/stdio/read.o
 .data          0x00802000        0x0 src/ASF/common/utils/stdio/write.o
 .data          0x00802000        0x0 src/ASF/xmega/drivers/adc/adc.o
 .data          0x00802000        0x0 src/ASF/xmega/drivers/adc/xmega_aau/adc_aau.o
 .data          0x00802000        0x0 src/ASF/xmega/drivers/cpu/ccp.o
 .data          0x00802000        0x0 src/ASF/xmega/drivers/nvm/nvm.o
 .data          0x00802000        0x0 src/ASF/xmega/drivers/nvm/nvm_asm.o
 .data          0x00802000        0x0 src/ASF/xmega/drivers/tc/tc.o
 .data          0x00802000        0x0 src/ASF/xmega/drivers/usart/usart.o
 .data          0x00802000        0x0 src/ASF/xmega/services/pwm/pwm.o
 .data          0x00802000        0x0 src/main.o
 .data          0x00802000        0x0 c:/program files/atmel/atmel toolchain/avr8 gcc/native/3.4.2.1002/avr8-gnu-toolchain/bin/../lib/gcc/avr/4.7.2/avrxmega2\libgcc.a(_divmodhi4.o)
 .data          0x00802000        0x0 c:/program files/atmel/atmel toolchain/avr8 gcc/native/3.4.2.1002/avr8-gnu-toolchain/bin/../lib/gcc/avr/4.7.2/avrxmega2\libgcc.a(_udivmodsi4.o)
 .data          0x00802000        0x0 c:/program files/atmel/atmel toolchain/avr8 gcc/native/3.4.2.1002/avr8-gnu-toolchain/bin/../lib/gcc/avr/4.7.2/avrxmega2\libgcc.a(_exit.o)
 .data          0x00802000        0x0 c:/program files/atmel/atmel toolchain/avr8 gcc/native/3.4.2.1002/avr8-gnu-toolchain/bin/../lib/gcc/avr/4.7.2/avrxmega2\libgcc.a(_copy_data.o)
 .data          0x00802000        0x0 c:/program files/atmel/atmel toolchain/avr8 gcc/native/3.4.2.1002/avr8-gnu-toolchain/bin/../lib/gcc/avr/4.7.2/avrxmega2\libgcc.a(_clear_bss.o)
 .data          0x00802000        0x0 c:/program files/atmel/atmel toolchain/avr8 gcc/native/3.4.2.1002/avr8-gnu-toolchain/bin/../lib/gcc/avr/4.7.2/avrxmega2\libgcc.a(_umulhisi3.o)
 .data          0x00802000        0x0 c:/program files/atmel/atmel toolchain/avr8 gcc/native/3.4.2.1002/avr8-gnu-toolchain/bin/../lib/gcc/avr/4.7.2/avrxmega2\libgcc.a(_addsub_sf.o)
 .data          0x00802000        0x0 c:/program files/atmel/atmel toolchain/avr8 gcc/native/3.4.2.1002/avr8-gnu-toolchain/bin/../lib/gcc/avr/4.7.2/avrxmega2\libgcc.a(_mul_sf.o)
 .data          0x00802000        0x0 c:/program files/atmel/atmel toolchain/avr8 gcc/native/3.4.2.1002/avr8-gnu-toolchain/bin/../lib/gcc/avr/4.7.2/avrxmega2\libgcc.a(_gt_sf.o)
 .data          0x00802000        0x0 c:/program files/atmel/atmel toolchain/avr8 gcc/native/3.4.2.1002/avr8-gnu-toolchain/bin/../lib/gcc/avr/4.7.2/avrxmega2\libgcc.a(_lt_sf.o)
 .data          0x00802000        0x0 c:/program files/atmel/atmel toolchain/avr8 gcc/native/3.4.2.1002/avr8-gnu-toolchain/bin/../lib/gcc/avr/4.7.2/avrxmega2\libgcc.a(_si_to_sf.o)
 .data          0x00802000        0x0 c:/program files/atmel/atmel toolchain/avr8 gcc/native/3.4.2.1002/avr8-gnu-toolchain/bin/../lib/gcc/avr/4.7.2/avrxmega2\libgcc.a(_sf_to_si.o)
 .data          0x00802000        0x0 c:/program files/atmel/atmel toolchain/avr8 gcc/native/3.4.2.1002/avr8-gnu-toolchain/bin/../lib/gcc/avr/4.7.2/avrxmega2\libgcc.a(_thenan_sf.o)
 .data          0x00802000        0x0 c:/program files/atmel/atmel toolchain/avr8 gcc/native/3.4.2.1002/avr8-gnu-toolchain/bin/../lib/gcc/avr/4.7.2/avrxmega2\libgcc.a(_udivmodhi4.o)
 .data          0x00802000        0x0 c:/program files/atmel/atmel toolchain/avr8 gcc/native/3.4.2.1002/avr8-gnu-toolchain/bin/../lib/gcc/avr/4.7.2/avrxmega2\libgcc.a(_clzsi2.o)
 .data          0x00802000        0x0 c:/program files/atmel/atmel toolchain/avr8 gcc/native/3.4.2.1002/avr8-gnu-toolchain/bin/../lib/gcc/avr/4.7.2/avrxmega2\libgcc.a(_clzhi2.o)
 .data          0x00802000        0x0 c:/program files/atmel/atmel toolchain/avr8 gcc/native/3.4.2.1002/avr8-gnu-toolchain/bin/../lib/gcc/avr/4.7.2/avrxmega2\libgcc.a(_prologue.o)
 .data          0x00802000        0x0 c:/program files/atmel/atmel toolchain/avr8 gcc/native/3.4.2.1002/avr8-gnu-toolchain/bin/../lib/gcc/avr/4.7.2/avrxmega2\libgcc.a(_epilogue.o)
 .data          0x00802000        0x0 c:/program files/atmel/atmel toolchain/avr8 gcc/native/3.4.2.1002/avr8-gnu-toolchain/bin/../lib/gcc/avr/4.7.2/avrxmega2\libgcc.a(_pack_sf.o)
 .data          0x00802000        0x0 c:/program files/atmel/atmel toolchain/avr8 gcc/native/3.4.2.1002/avr8-gnu-toolchain/bin/../lib/gcc/avr/4.7.2/avrxmega2\libgcc.a(_unpack_sf.o)
 .data          0x00802000        0x0 c:/program files/atmel/atmel toolchain/avr8 gcc/native/3.4.2.1002/avr8-gnu-toolchain/bin/../lib/gcc/avr/4.7.2/avrxmega2\libgcc.a(_fpcmp_parts_sf.o)
 .data          0x00802000        0x0 c:/program files/atmel/atmel toolchain/avr8 gcc/native/3.4.2.1002/avr8-gnu-toolchain/bin/../lib/gcc/avr/4.7.2/../../../../avr/lib/avrxmega2\libc.a(memcpy.o)
 *(.data*)
 .data.K        0x00802000        0x4 src/main.o
                0x00802000                K
 .data.MAXSPEED
                0x00802004        0x2 src/main.o
                0x00802004                MAXSPEED
 *(.rodata)
 .rodata        0x00802006        0x8 c:/program files/atmel/atmel toolchain/avr8 gcc/native/3.4.2.1002/avr8-gnu-toolchain/bin/../lib/gcc/avr/4.7.2/avrxmega2\libgcc.a(_thenan_sf.o)
                0x00802006                __thenan_sf
 *(.rodata*)
 *(.gnu.linkonce.d*)
                0x0080200e                . = ALIGN (0x2)
                0x0080200e                _edata = .
                0x0080200e                PROVIDE (__data_end, .)

.bss            0x0080200e       0x9b
                0x0080200e                PROVIDE (__bss_start, .)
 *(.bss)
 *(.bss*)
 .bss.adca_enable_count
                0x0080200e        0x1 src/ASF/xmega/drivers/adc/adc.o
 .bss.tc_tcc0_ovf_callback
                0x0080200f        0x2 src/ASF/xmega/drivers/tc/tc.o
 .bss.tc_tcc0_err_callback
                0x00802011        0x2 src/ASF/xmega/drivers/tc/tc.o
 .bss.tc_tcc0_cca_callback
                0x00802013        0x2 src/ASF/xmega/drivers/tc/tc.o
 .bss.tc_tcc0_ccb_callback
                0x00802015        0x2 src/ASF/xmega/drivers/tc/tc.o
 .bss.tc_tcc0_ccc_callback
                0x00802017        0x2 src/ASF/xmega/drivers/tc/tc.o
 .bss.tc_tcc0_ccd_callback
                0x00802019        0x2 src/ASF/xmega/drivers/tc/tc.o
 .bss.tc_tcc1_ovf_callback
                0x0080201b        0x2 src/ASF/xmega/drivers/tc/tc.o
 .bss.tc_tcc1_err_callback
                0x0080201d        0x2 src/ASF/xmega/drivers/tc/tc.o
 .bss.tc_tcc1_cca_callback
                0x0080201f        0x2 src/ASF/xmega/drivers/tc/tc.o
 .bss.tc_tcc1_ccb_callback
                0x00802021        0x2 src/ASF/xmega/drivers/tc/tc.o
 .bss.tc_tcd0_ovf_callback
                0x00802023        0x2 src/ASF/xmega/drivers/tc/tc.o
 .bss.tc_tcd0_err_callback
                0x00802025        0x2 src/ASF/xmega/drivers/tc/tc.o
 .bss.tc_tcd0_cca_callback
                0x00802027        0x2 src/ASF/xmega/drivers/tc/tc.o
 .bss.tc_tcd0_ccb_callback
                0x00802029        0x2 src/ASF/xmega/drivers/tc/tc.o
 .bss.tc_tcd0_ccc_callback
                0x0080202b        0x2 src/ASF/xmega/drivers/tc/tc.o
 .bss.tc_tcd0_ccd_callback
                0x0080202d        0x2 src/ASF/xmega/drivers/tc/tc.o
 .bss.tc_tcd1_ovf_callback
                0x0080202f        0x2 src/ASF/xmega/drivers/tc/tc.o
 .bss.tc_tcd1_err_callback
                0x00802031        0x2 src/ASF/xmega/drivers/tc/tc.o
 .bss.tc_tcd1_cca_callback
                0x00802033        0x2 src/ASF/xmega/drivers/tc/tc.o
 .bss.tc_tcd1_ccb_callback
                0x00802035        0x2 src/ASF/xmega/drivers/tc/tc.o
 .bss.tc_tce0_ovf_callback
                0x00802037        0x2 src/ASF/xmega/drivers/tc/tc.o
 .bss.tc_tce0_err_callback
                0x00802039        0x2 src/ASF/xmega/drivers/tc/tc.o
 .bss.tc_tce0_cca_callback
                0x0080203b        0x2 src/ASF/xmega/drivers/tc/tc.o
 .bss.tc_tce0_ccb_callback
                0x0080203d        0x2 src/ASF/xmega/drivers/tc/tc.o
 .bss.tc_tce0_ccc_callback
                0x0080203f        0x2 src/ASF/xmega/drivers/tc/tc.o
 .bss.tc_tce0_ccd_callback
                0x00802041        0x2 src/ASF/xmega/drivers/tc/tc.o
 .bss.lasterror
                0x00802043        0x2 src/main.o
                0x00802043                lasterror
 .bss.buttonPressed
                0x00802045        0x2 src/main.o
                0x00802045                buttonPressed
 .bss.ISum      0x00802047        0x4 src/main.o
                0x00802047                ISum
 *(COMMON)
 COMMON         0x0080204b        0x6 src/ASF/common/services/sleepmgr/xmega/sleepmgr.o
                0x0080204b                sleepmgr_locks
 COMMON         0x00802051       0x58 src/main.o
                0x00802051                lastValue
                0x00802053                Ki
                0x00802057                lastState
                0x00802059                motorComand
                0x0080205b                sensorsMin
                0x00802073                Kd
                0x00802077                sensorsMax
                0x0080208f                Kp
                0x00802093                pwm_cfg
                0x008020a7                lastCorrctStat
                0x008020a9                PROVIDE (__bss_end, .)
                0x00002802                __data_load_start = LOADADDR (.data)
                0x00002810                __data_load_end = (__data_load_start + SIZEOF (.data))

.noinit         0x008020a9        0x0
                0x008020a9                PROVIDE (__noinit_start, .)
 *(.noinit*)
                0x008020a9                PROVIDE (__noinit_end, .)
                0x008020a9                _end = .
                0x008020a9                PROVIDE (__heap_start, .)

.eeprom         0x00810000        0x0
 *(.eeprom*)
                0x00810000                __eeprom_end = .

.fuse
 *(.fuse)
 *(.lfuse)
 *(.hfuse)
 *(.efuse)

.lock
 *(.lock*)

.signature
 *(.signature*)

.user_signatures
 *(.user_signatures*)

.stab           0x00000000      0x750
 *(.stab)
 .stab          0x00000000      0x6cc c:/program files/atmel/atmel toolchain/avr8 gcc/native/3.4.2.1002/avr8-gnu-toolchain/bin/../lib/gcc/avr/4.7.2/../../../../avr/lib/avrxmega2/crtx32a4u.o
 .stab          0x000006cc       0x84 c:/program files/atmel/atmel toolchain/avr8 gcc/native/3.4.2.1002/avr8-gnu-toolchain/bin/../lib/gcc/avr/4.7.2/../../../../avr/lib/avrxmega2\libc.a(memcpy.o)
                                 0x90 (size before relaxing)

.stabstr        0x00000000      0x10b
 *(.stabstr)
 .stabstr       0x00000000      0x10b c:/program files/atmel/atmel toolchain/avr8 gcc/native/3.4.2.1002/avr8-gnu-toolchain/bin/../lib/gcc/avr/4.7.2/../../../../avr/lib/avrxmega2/crtx32a4u.o

.stab.excl
 *(.stab.excl)

.stab.exclstr
 *(.stab.exclstr)

.stab.index
 *(.stab.index)

.stab.indexstr
 *(.stab.indexstr)

.comment        0x00000000       0x2f
 *(.comment)
 .comment       0x00000000       0x2f src/ASF/common/boards/user_board/init.o
                                 0x30 (size before relaxing)
 .comment       0x00000000       0x30 src/ASF/common/services/clock/xmega/sysclk.o
 .comment       0x00000000       0x30 src/ASF/common/services/ioport/xmega/ioport_compat.o
 .comment       0x00000000       0x30 src/ASF/common/services/serial/usart_serial.o
 .comment       0x00000000       0x30 src/ASF/common/services/sleepmgr/xmega/sleepmgr.o
 .comment       0x00000000       0x30 src/ASF/common/utils/stdio/read.o
 .comment       0x00000000       0x30 src/ASF/common/utils/stdio/write.o
 .comment       0x00000000       0x30 src/ASF/xmega/drivers/adc/adc.o
 .comment       0x00000000       0x30 src/ASF/xmega/drivers/adc/xmega_aau/adc_aau.o
 .comment       0x00000000       0x30 src/ASF/xmega/drivers/nvm/nvm.o
 .comment       0x00000000       0x30 src/ASF/xmega/drivers/tc/tc.o
 .comment       0x00000000       0x30 src/ASF/xmega/drivers/usart/usart.o
 .comment       0x00000000       0x30 src/ASF/xmega/services/pwm/pwm.o
 .comment       0x00000000       0x30 src/main.o
 .comment       0x00000000       0x30 c:/program files/atmel/atmel toolchain/avr8 gcc/native/3.4.2.1002/avr8-gnu-toolchain/bin/../lib/gcc/avr/4.7.2/avrxmega2\libgcc.a(_addsub_sf.o)
 .comment       0x00000000       0x30 c:/program files/atmel/atmel toolchain/avr8 gcc/native/3.4.2.1002/avr8-gnu-toolchain/bin/../lib/gcc/avr/4.7.2/avrxmega2\libgcc.a(_mul_sf.o)
 .comment       0x00000000       0x30 c:/program files/atmel/atmel toolchain/avr8 gcc/native/3.4.2.1002/avr8-gnu-toolchain/bin/../lib/gcc/avr/4.7.2/avrxmega2\libgcc.a(_gt_sf.o)
 .comment       0x00000000       0x30 c:/program files/atmel/atmel toolchain/avr8 gcc/native/3.4.2.1002/avr8-gnu-toolchain/bin/../lib/gcc/avr/4.7.2/avrxmega2\libgcc.a(_lt_sf.o)
 .comment       0x00000000       0x30 c:/program files/atmel/atmel toolchain/avr8 gcc/native/3.4.2.1002/avr8-gnu-toolchain/bin/../lib/gcc/avr/4.7.2/avrxmega2\libgcc.a(_si_to_sf.o)
 .comment       0x00000000       0x30 c:/program files/atmel/atmel toolchain/avr8 gcc/native/3.4.2.1002/avr8-gnu-toolchain/bin/../lib/gcc/avr/4.7.2/avrxmega2\libgcc.a(_sf_to_si.o)
 .comment       0x00000000       0x30 c:/program files/atmel/atmel toolchain/avr8 gcc/native/3.4.2.1002/avr8-gnu-toolchain/bin/../lib/gcc/avr/4.7.2/avrxmega2\libgcc.a(_thenan_sf.o)
 .comment       0x00000000       0x30 c:/program files/atmel/atmel toolchain/avr8 gcc/native/3.4.2.1002/avr8-gnu-toolchain/bin/../lib/gcc/avr/4.7.2/avrxmega2\libgcc.a(_pack_sf.o)
 .comment       0x00000000       0x30 c:/program files/atmel/atmel toolchain/avr8 gcc/native/3.4.2.1002/avr8-gnu-toolchain/bin/../lib/gcc/avr/4.7.2/avrxmega2\libgcc.a(_unpack_sf.o)
 .comment       0x00000000       0x30 c:/program files/atmel/atmel toolchain/avr8 gcc/native/3.4.2.1002/avr8-gnu-toolchain/bin/../lib/gcc/avr/4.7.2/avrxmega2\libgcc.a(_fpcmp_parts_sf.o)

.debug
 *(.debug)

.line
 *(.line)

.debug_srcinfo
 *(.debug_srcinfo)

.debug_sfnames
 *(.debug_sfnames)

.debug_aranges  0x00000000      0x5e0
 *(.debug_aranges)
 .debug_aranges
                0x00000000       0x20 src/ASF/common/boards/user_board/init.o
 .debug_aranges
                0x00000020       0x40 src/ASF/common/services/clock/xmega/sysclk.o
 .debug_aranges
                0x00000060       0x20 src/ASF/common/services/ioport/xmega/ioport_compat.o
 .debug_aranges
                0x00000080       0x28 src/ASF/common/services/serial/usart_serial.o
 .debug_aranges
                0x000000a8       0x18 src/ASF/common/services/sleepmgr/xmega/sleepmgr.o
 .debug_aranges
                0x000000c0       0x20 src/ASF/common/utils/stdio/read.o
 .debug_aranges
                0x000000e0       0x20 src/ASF/common/utils/stdio/write.o
 .debug_aranges
                0x00000100       0x40 src/ASF/xmega/drivers/adc/adc.o
 .debug_aranges
                0x00000140       0x38 src/ASF/xmega/drivers/adc/xmega_aau/adc_aau.o
 .debug_aranges
                0x00000178       0x20 src/ASF/xmega/drivers/cpu/ccp.o
 .debug_aranges
                0x00000198       0xc0 src/ASF/xmega/drivers/nvm/nvm.o
 .debug_aranges
                0x00000258       0x28 src/ASF/xmega/drivers/nvm/nvm_asm.o
 .debug_aranges
                0x00000280      0x128 src/ASF/xmega/drivers/tc/tc.o
 .debug_aranges
                0x000003a8       0x58 src/ASF/xmega/drivers/usart/usart.o
 .debug_aranges
                0x00000400       0x30 src/ASF/xmega/services/pwm/pwm.o
 .debug_aranges
                0x00000430       0x78 src/main.o
 .debug_aranges
                0x000004a8       0x20 c:/program files/atmel/atmel toolchain/avr8 gcc/native/3.4.2.1002/avr8-gnu-toolchain/bin/../lib/gcc/avr/4.7.2/avrxmega2\libgcc.a(_addsub_sf.o)
 .debug_aranges
                0x000004c8       0x20 c:/program files/atmel/atmel toolchain/avr8 gcc/native/3.4.2.1002/avr8-gnu-toolchain/bin/../lib/gcc/avr/4.7.2/avrxmega2\libgcc.a(_mul_sf.o)
 .debug_aranges
                0x000004e8       0x20 c:/program files/atmel/atmel toolchain/avr8 gcc/native/3.4.2.1002/avr8-gnu-toolchain/bin/../lib/gcc/avr/4.7.2/avrxmega2\libgcc.a(_gt_sf.o)
 .debug_aranges
                0x00000508       0x20 c:/program files/atmel/atmel toolchain/avr8 gcc/native/3.4.2.1002/avr8-gnu-toolchain/bin/../lib/gcc/avr/4.7.2/avrxmega2\libgcc.a(_lt_sf.o)
 .debug_aranges
                0x00000528       0x20 c:/program files/atmel/atmel toolchain/avr8 gcc/native/3.4.2.1002/avr8-gnu-toolchain/bin/../lib/gcc/avr/4.7.2/avrxmega2\libgcc.a(_si_to_sf.o)
 .debug_aranges
                0x00000548       0x20 c:/program files/atmel/atmel toolchain/avr8 gcc/native/3.4.2.1002/avr8-gnu-toolchain/bin/../lib/gcc/avr/4.7.2/avrxmega2\libgcc.a(_sf_to_si.o)
 .debug_aranges
                0x00000568       0x18 c:/program files/atmel/atmel toolchain/avr8 gcc/native/3.4.2.1002/avr8-gnu-toolchain/bin/../lib/gcc/avr/4.7.2/avrxmega2\libgcc.a(_thenan_sf.o)
 .debug_aranges
                0x00000580       0x20 c:/program files/atmel/atmel toolchain/avr8 gcc/native/3.4.2.1002/avr8-gnu-toolchain/bin/../lib/gcc/avr/4.7.2/avrxmega2\libgcc.a(_pack_sf.o)
 .debug_aranges
                0x000005a0       0x20 c:/program files/atmel/atmel toolchain/avr8 gcc/native/3.4.2.1002/avr8-gnu-toolchain/bin/../lib/gcc/avr/4.7.2/avrxmega2\libgcc.a(_unpack_sf.o)
 .debug_aranges
                0x000005c0       0x20 c:/program files/atmel/atmel toolchain/avr8 gcc/native/3.4.2.1002/avr8-gnu-toolchain/bin/../lib/gcc/avr/4.7.2/avrxmega2\libgcc.a(_fpcmp_parts_sf.o)

.debug_pubnames
 *(.debug_pubnames)

.debug_info     0x00000000     0xdc89
 *(.debug_info)
 .debug_info    0x00000000      0x1ac src/ASF/common/boards/user_board/init.o
 .debug_info    0x000001ac      0x837 src/ASF/common/services/clock/xmega/sysclk.o
 .debug_info    0x000009e3      0x11d src/ASF/common/services/ioport/xmega/ioport_compat.o
 .debug_info    0x00000b00      0x393 src/ASF/common/services/serial/usart_serial.o
 .debug_info    0x00000e93      0x121 src/ASF/common/services/sleepmgr/xmega/sleepmgr.o
 .debug_info    0x00000fb4      0x119 src/ASF/common/utils/stdio/read.o
 .debug_info    0x000010cd      0x119 src/ASF/common/utils/stdio/write.o
 .debug_info    0x000011e6      0x997 src/ASF/xmega/drivers/adc/adc.o
 .debug_info    0x00001b7d      0xc5b src/ASF/xmega/drivers/adc/xmega_aau/adc_aau.o
 .debug_info    0x000027d8       0x72 src/ASF/xmega/drivers/cpu/ccp.o
 .debug_info    0x0000284a     0x1384 src/ASF/xmega/drivers/nvm/nvm.o
 .debug_info    0x00003bce       0x72 src/ASF/xmega/drivers/nvm/nvm_asm.o
 .debug_info    0x00003c40     0x174d src/ASF/xmega/drivers/tc/tc.o
 .debug_info    0x0000538d     0x2e4b src/ASF/xmega/drivers/usart/usart.o
 .debug_info    0x000081d8     0x13f4 src/ASF/xmega/services/pwm/pwm.o
 .debug_info    0x000095cc     0x289e src/main.o
 .debug_info    0x0000be6a      0x589 c:/program files/atmel/atmel toolchain/avr8 gcc/native/3.4.2.1002/avr8-gnu-toolchain/bin/../lib/gcc/avr/4.7.2/avrxmega2\libgcc.a(_addsub_sf.o)
 .debug_info    0x0000c3f3      0x47c c:/program files/atmel/atmel toolchain/avr8 gcc/native/3.4.2.1002/avr8-gnu-toolchain/bin/../lib/gcc/avr/4.7.2/avrxmega2\libgcc.a(_mul_sf.o)
 .debug_info    0x0000c86f      0x32d c:/program files/atmel/atmel toolchain/avr8 gcc/native/3.4.2.1002/avr8-gnu-toolchain/bin/../lib/gcc/avr/4.7.2/avrxmega2\libgcc.a(_gt_sf.o)
 .debug_info    0x0000cb9c      0x32d c:/program files/atmel/atmel toolchain/avr8 gcc/native/3.4.2.1002/avr8-gnu-toolchain/bin/../lib/gcc/avr/4.7.2/avrxmega2\libgcc.a(_lt_sf.o)
 .debug_info    0x0000cec9      0x261 c:/program files/atmel/atmel toolchain/avr8 gcc/native/3.4.2.1002/avr8-gnu-toolchain/bin/../lib/gcc/avr/4.7.2/avrxmega2\libgcc.a(_si_to_sf.o)
 .debug_info    0x0000d12a      0x2e6 c:/program files/atmel/atmel toolchain/avr8 gcc/native/3.4.2.1002/avr8-gnu-toolchain/bin/../lib/gcc/avr/4.7.2/avrxmega2\libgcc.a(_sf_to_si.o)
 .debug_info    0x0000d410      0x150 c:/program files/atmel/atmel toolchain/avr8 gcc/native/3.4.2.1002/avr8-gnu-toolchain/bin/../lib/gcc/avr/4.7.2/avrxmega2\libgcc.a(_thenan_sf.o)
 .debug_info    0x0000d560      0x2d2 c:/program files/atmel/atmel toolchain/avr8 gcc/native/3.4.2.1002/avr8-gnu-toolchain/bin/../lib/gcc/avr/4.7.2/avrxmega2\libgcc.a(_pack_sf.o)
 .debug_info    0x0000d832      0x268 c:/program files/atmel/atmel toolchain/avr8 gcc/native/3.4.2.1002/avr8-gnu-toolchain/bin/../lib/gcc/avr/4.7.2/avrxmega2\libgcc.a(_unpack_sf.o)
 .debug_info    0x0000da9a      0x1ef c:/program files/atmel/atmel toolchain/avr8 gcc/native/3.4.2.1002/avr8-gnu-toolchain/bin/../lib/gcc/avr/4.7.2/avrxmega2\libgcc.a(_fpcmp_parts_sf.o)
 *(.gnu.linkonce.wi.*)

.debug_abbrev   0x00000000     0x2e60
 *(.debug_abbrev)
 .debug_abbrev  0x00000000       0xd8 src/ASF/common/boards/user_board/init.o
 .debug_abbrev  0x000000d8      0x27b src/ASF/common/services/clock/xmega/sysclk.o
 .debug_abbrev  0x00000353       0x93 src/ASF/common/services/ioport/xmega/ioport_compat.o
 .debug_abbrev  0x000003e6      0x18b src/ASF/common/services/serial/usart_serial.o
 .debug_abbrev  0x00000571       0x80 src/ASF/common/services/sleepmgr/xmega/sleepmgr.o
 .debug_abbrev  0x000005f1       0xc5 src/ASF/common/utils/stdio/read.o
 .debug_abbrev  0x000006b6       0xa7 src/ASF/common/utils/stdio/write.o
 .debug_abbrev  0x0000075d      0x274 src/ASF/xmega/drivers/adc/adc.o
 .debug_abbrev  0x000009d1      0x32d src/ASF/xmega/drivers/adc/xmega_aau/adc_aau.o
 .debug_abbrev  0x00000cfe       0x14 src/ASF/xmega/drivers/cpu/ccp.o
 .debug_abbrev  0x00000d12      0x3f4 src/ASF/xmega/drivers/nvm/nvm.o
 .debug_abbrev  0x00001106       0x12 src/ASF/xmega/drivers/nvm/nvm_asm.o
 .debug_abbrev  0x00001118      0x2a7 src/ASF/xmega/drivers/tc/tc.o
 .debug_abbrev  0x000013bf      0x3df src/ASF/xmega/drivers/usart/usart.o
 .debug_abbrev  0x0000179e      0x2b0 src/ASF/xmega/services/pwm/pwm.o
 .debug_abbrev  0x00001a4e      0x494 src/main.o
 .debug_abbrev  0x00001ee2      0x215 c:/program files/atmel/atmel toolchain/avr8 gcc/native/3.4.2.1002/avr8-gnu-toolchain/bin/../lib/gcc/avr/4.7.2/avrxmega2\libgcc.a(_addsub_sf.o)
 .debug_abbrev  0x000020f7      0x228 c:/program files/atmel/atmel toolchain/avr8 gcc/native/3.4.2.1002/avr8-gnu-toolchain/bin/../lib/gcc/avr/4.7.2/avrxmega2\libgcc.a(_mul_sf.o)
 .debug_abbrev  0x0000231f      0x1a5 c:/program files/atmel/atmel toolchain/avr8 gcc/native/3.4.2.1002/avr8-gnu-toolchain/bin/../lib/gcc/avr/4.7.2/avrxmega2\libgcc.a(_gt_sf.o)
 .debug_abbrev  0x000024c4      0x1a5 c:/program files/atmel/atmel toolchain/avr8 gcc/native/3.4.2.1002/avr8-gnu-toolchain/bin/../lib/gcc/avr/4.7.2/avrxmega2\libgcc.a(_lt_sf.o)
 .debug_abbrev  0x00002669      0x19c c:/program files/atmel/atmel toolchain/avr8 gcc/native/3.4.2.1002/avr8-gnu-toolchain/bin/../lib/gcc/avr/4.7.2/avrxmega2\libgcc.a(_si_to_sf.o)
 .debug_abbrev  0x00002805      0x194 c:/program files/atmel/atmel toolchain/avr8 gcc/native/3.4.2.1002/avr8-gnu-toolchain/bin/../lib/gcc/avr/4.7.2/avrxmega2\libgcc.a(_sf_to_si.o)
 .debug_abbrev  0x00002999       0xb6 c:/program files/atmel/atmel toolchain/avr8 gcc/native/3.4.2.1002/avr8-gnu-toolchain/bin/../lib/gcc/avr/4.7.2/avrxmega2\libgcc.a(_thenan_sf.o)
 .debug_abbrev  0x00002a4f      0x195 c:/program files/atmel/atmel toolchain/avr8 gcc/native/3.4.2.1002/avr8-gnu-toolchain/bin/../lib/gcc/avr/4.7.2/avrxmega2\libgcc.a(_pack_sf.o)
 .debug_abbrev  0x00002be4      0x15f c:/program files/atmel/atmel toolchain/avr8 gcc/native/3.4.2.1002/avr8-gnu-toolchain/bin/../lib/gcc/avr/4.7.2/avrxmega2\libgcc.a(_unpack_sf.o)
 .debug_abbrev  0x00002d43      0x11d c:/program files/atmel/atmel toolchain/avr8 gcc/native/3.4.2.1002/avr8-gnu-toolchain/bin/../lib/gcc/avr/4.7.2/avrxmega2\libgcc.a(_fpcmp_parts_sf.o)

.debug_line     0x00000000     0x7cda
 *(.debug_line)
 .debug_line    0x00000000      0x84d src/ASF/common/boards/user_board/init.o
 .debug_line    0x0000084d      0x680 src/ASF/common/services/clock/xmega/sysclk.o
 .debug_line    0x00000ecd      0x4c3 src/ASF/common/services/ioport/xmega/ioport_compat.o
 .debug_line    0x00001390      0x630 src/ASF/common/services/serial/usart_serial.o
 .debug_line    0x000019c0      0x46a src/ASF/common/services/sleepmgr/xmega/sleepmgr.o
 .debug_line    0x00001e2a      0x3e7 src/ASF/common/utils/stdio/read.o
 .debug_line    0x00002211      0x3ee src/ASF/common/utils/stdio/write.o
 .debug_line    0x000025ff      0x722 src/ASF/xmega/drivers/adc/adc.o
 .debug_line    0x00002d21      0x854 src/ASF/xmega/drivers/adc/xmega_aau/adc_aau.o
 .debug_line    0x00003575       0x6e src/ASF/xmega/drivers/cpu/ccp.o
 .debug_line    0x000035e3      0xba7 src/ASF/xmega/drivers/nvm/nvm.o
 .debug_line    0x0000418a      0x11f src/ASF/xmega/drivers/nvm/nvm_asm.o
 .debug_line    0x000042a9      0xc96 src/ASF/xmega/drivers/tc/tc.o
 .debug_line    0x00004f3f      0xbdb src/ASF/xmega/drivers/usart/usart.o
 .debug_line    0x00005b1a      0xa81 src/ASF/xmega/services/pwm/pwm.o
 .debug_line    0x0000659b      0xef9 src/main.o
 .debug_line    0x00007494       0xfc c:/program files/atmel/atmel toolchain/avr8 gcc/native/3.4.2.1002/avr8-gnu-toolchain/bin/../lib/gcc/avr/4.7.2/avrxmega2\libgcc.a(_addsub_sf.o)
 .debug_line    0x00007590       0xfd c:/program files/atmel/atmel toolchain/avr8 gcc/native/3.4.2.1002/avr8-gnu-toolchain/bin/../lib/gcc/avr/4.7.2/avrxmega2\libgcc.a(_mul_sf.o)
 .debug_line    0x0000768d      0x10b c:/program files/atmel/atmel toolchain/avr8 gcc/native/3.4.2.1002/avr8-gnu-toolchain/bin/../lib/gcc/avr/4.7.2/avrxmega2\libgcc.a(_gt_sf.o)
 .debug_line    0x00007798      0x10b c:/program files/atmel/atmel toolchain/avr8 gcc/native/3.4.2.1002/avr8-gnu-toolchain/bin/../lib/gcc/avr/4.7.2/avrxmega2\libgcc.a(_lt_sf.o)
 .debug_line    0x000078a3       0xaf c:/program files/atmel/atmel toolchain/avr8 gcc/native/3.4.2.1002/avr8-gnu-toolchain/bin/../lib/gcc/avr/4.7.2/avrxmega2\libgcc.a(_si_to_sf.o)
 .debug_line    0x00007952       0xab c:/program files/atmel/atmel toolchain/avr8 gcc/native/3.4.2.1002/avr8-gnu-toolchain/bin/../lib/gcc/avr/4.7.2/avrxmega2\libgcc.a(_sf_to_si.o)
 .debug_line    0x000079fd       0x83 c:/program files/atmel/atmel toolchain/avr8 gcc/native/3.4.2.1002/avr8-gnu-toolchain/bin/../lib/gcc/avr/4.7.2/avrxmega2\libgcc.a(_thenan_sf.o)
 .debug_line    0x00007a80       0xd4 c:/program files/atmel/atmel toolchain/avr8 gcc/native/3.4.2.1002/avr8-gnu-toolchain/bin/../lib/gcc/avr/4.7.2/avrxmega2\libgcc.a(_pack_sf.o)
 .debug_line    0x00007b54       0xb7 c:/program files/atmel/atmel toolchain/avr8 gcc/native/3.4.2.1002/avr8-gnu-toolchain/bin/../lib/gcc/avr/4.7.2/avrxmega2\libgcc.a(_unpack_sf.o)
 .debug_line    0x00007c0b       0xcf c:/program files/atmel/atmel toolchain/avr8 gcc/native/3.4.2.1002/avr8-gnu-toolchain/bin/../lib/gcc/avr/4.7.2/avrxmega2\libgcc.a(_fpcmp_parts_sf.o)

.debug_frame    0x00000000     0x151c
 *(.debug_frame)
 .debug_frame   0x00000000       0x24 src/ASF/common/boards/user_board/init.o
 .debug_frame   0x00000024       0x64 src/ASF/common/services/clock/xmega/sysclk.o
 .debug_frame   0x00000088       0x30 src/ASF/common/services/ioport/xmega/ioport_compat.o
 .debug_frame   0x000000b8       0x74 src/ASF/common/services/serial/usart_serial.o
 .debug_frame   0x0000012c       0x34 src/ASF/common/utils/stdio/read.o
 .debug_frame   0x00000160       0x24 src/ASF/common/utils/stdio/write.o
 .debug_frame   0x00000184       0x7c src/ASF/xmega/drivers/adc/adc.o
 .debug_frame   0x00000200       0xdc src/ASF/xmega/drivers/adc/xmega_aau/adc_aau.o
 .debug_frame   0x000002dc      0x340 src/ASF/xmega/drivers/nvm/nvm.o
 .debug_frame   0x0000061c      0x994 src/ASF/xmega/drivers/tc/tc.o
 .debug_frame   0x00000fb0      0x148 src/ASF/xmega/drivers/usart/usart.o
 .debug_frame   0x000010f8       0x84 src/ASF/xmega/services/pwm/pwm.o
 .debug_frame   0x0000117c      0x190 src/main.o
 .debug_frame   0x0000130c       0x78 c:/program files/atmel/atmel toolchain/avr8 gcc/native/3.4.2.1002/avr8-gnu-toolchain/bin/../lib/gcc/avr/4.7.2/avrxmega2\libgcc.a(_addsub_sf.o)
 .debug_frame   0x00001384       0x48 c:/program files/atmel/atmel toolchain/avr8 gcc/native/3.4.2.1002/avr8-gnu-toolchain/bin/../lib/gcc/avr/4.7.2/avrxmega2\libgcc.a(_mul_sf.o)
 .debug_frame   0x000013cc       0x2c c:/program files/atmel/atmel toolchain/avr8 gcc/native/3.4.2.1002/avr8-gnu-toolchain/bin/../lib/gcc/avr/4.7.2/avrxmega2\libgcc.a(_gt_sf.o)
 .debug_frame   0x000013f8       0x2c c:/program files/atmel/atmel toolchain/avr8 gcc/native/3.4.2.1002/avr8-gnu-toolchain/bin/../lib/gcc/avr/4.7.2/avrxmega2\libgcc.a(_lt_sf.o)
 .debug_frame   0x00001424       0x30 c:/program files/atmel/atmel toolchain/avr8 gcc/native/3.4.2.1002/avr8-gnu-toolchain/bin/../lib/gcc/avr/4.7.2/avrxmega2\libgcc.a(_si_to_sf.o)
 .debug_frame   0x00001454       0x30 c:/program files/atmel/atmel toolchain/avr8 gcc/native/3.4.2.1002/avr8-gnu-toolchain/bin/../lib/gcc/avr/4.7.2/avrxmega2\libgcc.a(_sf_to_si.o)
 .debug_frame   0x00001484       0x38 c:/program files/atmel/atmel toolchain/avr8 gcc/native/3.4.2.1002/avr8-gnu-toolchain/bin/../lib/gcc/avr/4.7.2/avrxmega2\libgcc.a(_pack_sf.o)
 .debug_frame   0x000014bc       0x34 c:/program files/atmel/atmel toolchain/avr8 gcc/native/3.4.2.1002/avr8-gnu-toolchain/bin/../lib/gcc/avr/4.7.2/avrxmega2\libgcc.a(_unpack_sf.o)
 .debug_frame   0x000014f0       0x2c c:/program files/atmel/atmel toolchain/avr8 gcc/native/3.4.2.1002/avr8-gnu-toolchain/bin/../lib/gcc/avr/4.7.2/avrxmega2\libgcc.a(_fpcmp_parts_sf.o)

.debug_str      0x00000000    0x2657a
 *(.debug_str)
 .debug_str     0x00000000    0x22797 src/ASF/common/boards/user_board/init.o
                              0x22e57 (size before relaxing)
 .debug_str     0x00022797      0x342 src/ASF/common/services/clock/xmega/sysclk.o
                              0x21c2d (size before relaxing)
 .debug_str     0x00022ad9       0xab src/ASF/common/services/ioport/xmega/ioport_compat.o
                              0x20e63 (size before relaxing)
 .debug_str     0x00022b84      0x206 src/ASF/common/services/serial/usart_serial.o
                              0x21a54 (size before relaxing)
 .debug_str     0x00022d8a       0xb3 src/ASF/common/services/sleepmgr/xmega/sleepmgr.o
                              0x20ca6 (size before relaxing)
 .debug_str     0x00022e3d       0x25 src/ASF/common/utils/stdio/read.o
                              0x20816 (size before relaxing)
 .debug_str     0x00022e62       0x2d src/ASF/common/utils/stdio/write.o
                              0x20818 (size before relaxing)
 .debug_str     0x00022e8f      0x3c9 src/ASF/xmega/drivers/adc/adc.o
                              0x225b4 (size before relaxing)
 .debug_str     0x00023258      0x51e src/ASF/xmega/drivers/adc/xmega_aau/adc_aau.o
                              0x227e2 (size before relaxing)
 .debug_str     0x00023776      0x6d2 src/ASF/xmega/drivers/nvm/nvm.o
                              0x213d0 (size before relaxing)
 .debug_str     0x00023e48      0x798 src/ASF/xmega/drivers/tc/tc.o
                              0x225a2 (size before relaxing)
 .debug_str     0x000245e0      0x923 src/ASF/xmega/drivers/usart/usart.o
                              0x22f66 (size before relaxing)
 .debug_str     0x00024f03      0x449 src/ASF/xmega/services/pwm/pwm.o
                              0x2384c (size before relaxing)
 .debug_str     0x0002534c      0xfac src/main.o
                              0x24aae (size before relaxing)
 .debug_str     0x000262f8      0x202 c:/program files/atmel/atmel toolchain/avr8 gcc/native/3.4.2.1002/avr8-gnu-toolchain/bin/../lib/gcc/avr/4.7.2/avrxmega2\libgcc.a(_addsub_sf.o)
                                0x2b3 (size before relaxing)
 .debug_str     0x000264fa       0x27 c:/program files/atmel/atmel toolchain/avr8 gcc/native/3.4.2.1002/avr8-gnu-toolchain/bin/../lib/gcc/avr/4.7.2/avrxmega2\libgcc.a(_mul_sf.o)
                                0x26c (size before relaxing)
 .debug_str     0x00026521       0x1f c:/program files/atmel/atmel toolchain/avr8 gcc/native/3.4.2.1002/avr8-gnu-toolchain/bin/../lib/gcc/avr/4.7.2/avrxmega2\libgcc.a(_gt_sf.o)
                                0x241 (size before relaxing)
 .debug_str     0x00026540        0x8 c:/program files/atmel/atmel toolchain/avr8 gcc/native/3.4.2.1002/avr8-gnu-toolchain/bin/../lib/gcc/avr/4.7.2/avrxmega2\libgcc.a(_lt_sf.o)
                                0x241 (size before relaxing)
 .debug_str     0x00026548       0x21 c:/program files/atmel/atmel toolchain/avr8 gcc/native/3.4.2.1002/avr8-gnu-toolchain/bin/../lib/gcc/avr/4.7.2/avrxmega2\libgcc.a(_si_to_sf.o)
                                0x21e (size before relaxing)
 .debug_str     0x00026569        0xa c:/program files/atmel/atmel toolchain/avr8 gcc/native/3.4.2.1002/avr8-gnu-toolchain/bin/../lib/gcc/avr/4.7.2/avrxmega2\libgcc.a(_sf_to_si.o)
                                0x23a (size before relaxing)
 .debug_str     0x00000000      0x1d1 c:/program files/atmel/atmel toolchain/avr8 gcc/native/3.4.2.1002/avr8-gnu-toolchain/bin/../lib/gcc/avr/4.7.2/avrxmega2\libgcc.a(_thenan_sf.o)
 .debug_str     0x00026573        0x7 c:/program files/atmel/atmel toolchain/avr8 gcc/native/3.4.2.1002/avr8-gnu-toolchain/bin/../lib/gcc/avr/4.7.2/avrxmega2\libgcc.a(_pack_sf.o)
                                0x22e (size before relaxing)
 .debug_str     0x00000000      0x210 c:/program files/atmel/atmel toolchain/avr8 gcc/native/3.4.2.1002/avr8-gnu-toolchain/bin/../lib/gcc/avr/4.7.2/avrxmega2\libgcc.a(_unpack_sf.o)
 .debug_str     0x00000000      0x1f4 c:/program files/atmel/atmel toolchain/avr8 gcc/native/3.4.2.1002/avr8-gnu-toolchain/bin/../lib/gcc/avr/4.7.2/avrxmega2\libgcc.a(_fpcmp_parts_sf.o)

.debug_loc      0x00000000     0x660c
 *(.debug_loc)
 .debug_loc     0x00000000      0x24c src/ASF/common/services/clock/xmega/sysclk.o
 .debug_loc     0x0000024c       0x43 src/ASF/common/services/ioport/xmega/ioport_compat.o
 .debug_loc     0x0000028f      0x280 src/ASF/common/services/serial/usart_serial.o
 .debug_loc     0x0000050f       0x6e src/ASF/common/utils/stdio/read.o
 .debug_loc     0x0000057d       0x52 src/ASF/common/utils/stdio/write.o
 .debug_loc     0x000005cf      0x1c6 src/ASF/xmega/drivers/adc/adc.o
 .debug_loc     0x00000795      0x647 src/ASF/xmega/drivers/adc/xmega_aau/adc_aau.o
 .debug_loc     0x00000ddc     0x114c src/ASF/xmega/drivers/nvm/nvm.o
 .debug_loc     0x00001f28     0x17d4 src/ASF/xmega/drivers/tc/tc.o
 .debug_loc     0x000036fc      0xd76 src/ASF/xmega/drivers/usart/usart.o
 .debug_loc     0x00004472      0x797 src/ASF/xmega/services/pwm/pwm.o
 .debug_loc     0x00004c09      0xe47 src/main.o
 .debug_loc     0x00005a50      0x42d c:/program files/atmel/atmel toolchain/avr8 gcc/native/3.4.2.1002/avr8-gnu-toolchain/bin/../lib/gcc/avr/4.7.2/avrxmega2\libgcc.a(_addsub_sf.o)
 .debug_loc     0x00005e7d      0x21c c:/program files/atmel/atmel toolchain/avr8 gcc/native/3.4.2.1002/avr8-gnu-toolchain/bin/../lib/gcc/avr/4.7.2/avrxmega2\libgcc.a(_mul_sf.o)
 .debug_loc     0x00006099       0xa1 c:/program files/atmel/atmel toolchain/avr8 gcc/native/3.4.2.1002/avr8-gnu-toolchain/bin/../lib/gcc/avr/4.7.2/avrxmega2\libgcc.a(_gt_sf.o)
 .debug_loc     0x0000613a       0xa1 c:/program files/atmel/atmel toolchain/avr8 gcc/native/3.4.2.1002/avr8-gnu-toolchain/bin/../lib/gcc/avr/4.7.2/avrxmega2\libgcc.a(_lt_sf.o)
 .debug_loc     0x000061db      0x107 c:/program files/atmel/atmel toolchain/avr8 gcc/native/3.4.2.1002/avr8-gnu-toolchain/bin/../lib/gcc/avr/4.7.2/avrxmega2\libgcc.a(_si_to_sf.o)
 .debug_loc     0x000062e2       0x9f c:/program files/atmel/atmel toolchain/avr8 gcc/native/3.4.2.1002/avr8-gnu-toolchain/bin/../lib/gcc/avr/4.7.2/avrxmega2\libgcc.a(_sf_to_si.o)
 .debug_loc     0x00006381      0x148 c:/program files/atmel/atmel toolchain/avr8 gcc/native/3.4.2.1002/avr8-gnu-toolchain/bin/../lib/gcc/avr/4.7.2/avrxmega2\libgcc.a(_pack_sf.o)
 .debug_loc     0x000064c9       0xf9 c:/program files/atmel/atmel toolchain/avr8 gcc/native/3.4.2.1002/avr8-gnu-toolchain/bin/../lib/gcc/avr/4.7.2/avrxmega2\libgcc.a(_unpack_sf.o)
 .debug_loc     0x000065c2       0x4a c:/program files/atmel/atmel toolchain/avr8 gcc/native/3.4.2.1002/avr8-gnu-toolchain/bin/../lib/gcc/avr/4.7.2/avrxmega2\libgcc.a(_fpcmp_parts_sf.o)

.debug_macinfo
 *(.debug_macinfo)

.debug_pubtypes
 *(.debug_pubtypes)

.debug_ranges   0x00000000      0x420
 *(.debug_ranges)
 .debug_ranges  0x00000000       0x10 src/ASF/common/boards/user_board/init.o
 .debug_ranges  0x00000010       0x30 src/ASF/common/services/clock/xmega/sysclk.o
 .debug_ranges  0x00000040       0x10 src/ASF/common/services/ioport/xmega/ioport_compat.o
 .debug_ranges  0x00000050       0x18 src/ASF/common/services/serial/usart_serial.o
 .debug_ranges  0x00000068       0x10 src/ASF/common/utils/stdio/read.o
 .debug_ranges  0x00000078       0x10 src/ASF/common/utils/stdio/write.o
 .debug_ranges  0x00000088       0x30 src/ASF/xmega/drivers/adc/adc.o
 .debug_ranges  0x000000b8       0x28 src/ASF/xmega/drivers/adc/xmega_aau/adc_aau.o
 .debug_ranges  0x000000e0       0xc8 src/ASF/xmega/drivers/nvm/nvm.o
 .debug_ranges  0x000001a8       0x20 src/ASF/xmega/drivers/nvm/nvm_asm.o
 .debug_ranges  0x000001c8      0x118 src/ASF/xmega/drivers/tc/tc.o
 .debug_ranges  0x000002e0       0x88 src/ASF/xmega/drivers/usart/usart.o
 .debug_ranges  0x00000368       0x20 src/ASF/xmega/services/pwm/pwm.o
 .debug_ranges  0x00000388       0x68 src/main.o
 .debug_ranges  0x000003f0       0x18 c:/program files/atmel/atmel toolchain/avr8 gcc/native/3.4.2.1002/avr8-gnu-toolchain/bin/../lib/gcc/avr/4.7.2/avrxmega2\libgcc.a(_mul_sf.o)
 .debug_ranges  0x00000408       0x18 c:/program files/atmel/atmel toolchain/avr8 gcc/native/3.4.2.1002/avr8-gnu-toolchain/bin/../lib/gcc/avr/4.7.2/avrxmega2\libgcc.a(_si_to_sf.o)

.debug_macro    0x00000000     0x9e38
 *(.debug_macro)
 .debug_macro   0x00000000      0x2fc src/ASF/common/boards/user_board/init.o
 .debug_macro   0x000002fc      0x5b0 src/ASF/common/boards/user_board/init.o
 .debug_macro   0x000008ac       0x10 src/ASF/common/boards/user_board/init.o
 .debug_macro   0x000008bc      0x1ad src/ASF/common/boards/user_board/init.o
 .debug_macro   0x00000a69      0x293 src/ASF/common/boards/user_board/init.o
 .debug_macro   0x00000cfc       0x9e src/ASF/common/boards/user_board/init.o
 .debug_macro   0x00000d9a     0x54a2 src/ASF/common/boards/user_board/init.o
 .debug_macro   0x0000623c       0x9a src/ASF/common/boards/user_board/init.o
 .debug_macro   0x000062d6       0xf1 src/ASF/common/boards/user_board/init.o
 .debug_macro   0x000063c7       0x34 src/ASF/common/boards/user_board/init.o
 .debug_macro   0x000063fb       0x18 src/ASF/common/boards/user_board/init.o
 .debug_macro   0x00006413       0x5e src/ASF/common/boards/user_board/init.o
 .debug_macro   0x00006471       0x10 src/ASF/common/boards/user_board/init.o
 .debug_macro   0x00006481       0x22 src/ASF/common/boards/user_board/init.o
 .debug_macro   0x000064a3      0x16c src/ASF/common/boards/user_board/init.o
 .debug_macro   0x0000660f       0x1c src/ASF/common/boards/user_board/init.o
 .debug_macro   0x0000662b       0x35 src/ASF/common/boards/user_board/init.o
 .debug_macro   0x00006660       0x51 src/ASF/common/boards/user_board/init.o
 .debug_macro   0x000066b1      0x2bd src/ASF/common/boards/user_board/init.o
 .debug_macro   0x0000696e       0x97 src/ASF/common/boards/user_board/init.o
 .debug_macro   0x00006a05       0x17 src/ASF/common/boards/user_board/init.o
 .debug_macro   0x00006a1c      0x250 src/ASF/common/boards/user_board/init.o
 .debug_macro   0x00006c6c       0x76 src/ASF/common/boards/user_board/init.o
 .debug_macro   0x00006ce2       0x16 src/ASF/common/boards/user_board/init.o
 .debug_macro   0x00006cf8      0x6e0 src/ASF/common/boards/user_board/init.o
 .debug_macro   0x000073d8       0x10 src/ASF/common/boards/user_board/init.o
 .debug_macro   0x000073e8      0x160 src/ASF/common/boards/user_board/init.o
 .debug_macro   0x00007548       0x40 src/ASF/common/boards/user_board/init.o
 .debug_macro   0x00007588       0x69 src/ASF/common/boards/user_board/init.o
 .debug_macro   0x000075f1       0x32 src/ASF/common/boards/user_board/init.o
 .debug_macro   0x00007623       0xe4 src/ASF/common/boards/user_board/init.o
 .debug_macro   0x00007707       0x20 src/ASF/common/boards/user_board/init.o
 .debug_macro   0x00007727       0x10 src/ASF/common/boards/user_board/init.o
 .debug_macro   0x00007737       0x5e src/ASF/common/boards/user_board/init.o
 .debug_macro   0x00007795       0x22 src/ASF/common/boards/user_board/init.o
 .debug_macro   0x000077b7      0x1c1 src/ASF/common/boards/user_board/init.o
 .debug_macro   0x00007978       0x66 src/ASF/common/boards/user_board/init.o
 .debug_macro   0x000079de       0x2f src/ASF/common/boards/user_board/init.o
 .debug_macro   0x00007a0d      0x154 src/ASF/common/boards/user_board/init.o
 .debug_macro   0x00007b61       0xc0 src/ASF/common/boards/user_board/init.o
 .debug_macro   0x00007c21       0x34 src/ASF/common/boards/user_board/init.o
 .debug_macro   0x00007c55       0x7c src/ASF/common/boards/user_board/init.o
 .debug_macro   0x00007cd1      0x109 src/ASF/common/boards/user_board/init.o
 .debug_macro   0x00007dda       0x12 src/ASF/common/boards/user_board/init.o
 .debug_macro   0x00007dec       0x58 src/ASF/common/boards/user_board/init.o
 .debug_macro   0x00007e44       0x10 src/ASF/common/boards/user_board/init.o
 .debug_macro   0x00007e54       0xeb src/ASF/common/boards/user_board/init.o
 .debug_macro   0x00007f3f       0x3a src/ASF/common/boards/user_board/init.o
 .debug_macro   0x00007f79      0x1dc src/ASF/common/services/clock/xmega/sysclk.o
 .debug_macro   0x00008155       0x26 src/ASF/common/services/clock/xmega/sysclk.o
 .debug_macro   0x0000817b      0x189 src/ASF/common/services/ioport/xmega/ioport_compat.o
 .debug_macro   0x00008304      0x214 src/ASF/common/services/serial/usart_serial.o
 .debug_macro   0x00008518       0x34 src/ASF/common/services/serial/usart_serial.o
 .debug_macro   0x0000854c      0x199 src/ASF/common/services/sleepmgr/xmega/sleepmgr.o
 .debug_macro   0x000086e5      0x163 src/ASF/common/utils/stdio/read.o
 .debug_macro   0x00008848      0x163 src/ASF/common/utils/stdio/write.o
 .debug_macro   0x000089ab      0x231 src/ASF/xmega/drivers/adc/adc.o
 .debug_macro   0x00008bdc      0x231 src/ASF/xmega/drivers/adc/xmega_aau/adc_aau.o
 .debug_macro   0x00008e0d      0x18e src/ASF/xmega/drivers/nvm/nvm.o
 .debug_macro   0x00008f9b       0x16 src/ASF/xmega/drivers/nvm/nvm.o
 .debug_macro   0x00008fb1      0x226 src/ASF/xmega/drivers/tc/tc.o
 .debug_macro   0x000091d7      0x299 src/ASF/xmega/drivers/tc/tc.o
 .debug_macro   0x00009470      0x222 src/ASF/xmega/drivers/usart/usart.o
 .debug_macro   0x00009692      0x2fc src/ASF/xmega/services/pwm/pwm.o
 .debug_macro   0x0000998e      0x343 src/main.o
 .debug_macro   0x00009cd1      0x167 src/main.o
OUTPUT(Tracer.elf elf32-avr)
LOAD linker stubs
