Archive member included because of file (symbol)

c:/program files (x86)/atmel/atmel toolchain/avr8 gcc/native/3.4.2.1002/avr8-gnu-toolchain/bin/../lib/gcc/avr/4.7.2/avrxmega2\libgcc.a(_divmodhi4.o)
                              src/main.o (__divmodhi4)
c:/program files (x86)/atmel/atmel toolchain/avr8 gcc/native/3.4.2.1002/avr8-gnu-toolchain/bin/../lib/gcc/avr/4.7.2/avrxmega2\libgcc.a(_udivmodsi4.o)
                              src/ASF/xmega/drivers/usart/usart.o (__udivmodsi4)
c:/program files (x86)/atmel/atmel toolchain/avr8 gcc/native/3.4.2.1002/avr8-gnu-toolchain/bin/../lib/gcc/avr/4.7.2/avrxmega2\libgcc.a(_exit.o)
                              c:/program files (x86)/atmel/atmel toolchain/avr8 gcc/native/3.4.2.1002/avr8-gnu-toolchain/bin/../lib/gcc/avr/4.7.2/../../../../avr/lib/avrxmega2/crtx32a4u.o (exit)
c:/program files (x86)/atmel/atmel toolchain/avr8 gcc/native/3.4.2.1002/avr8-gnu-toolchain/bin/../lib/gcc/avr/4.7.2/avrxmega2\libgcc.a(_copy_data.o)
                              src/ASF/common/services/sleepmgr/xmega/sleepmgr.o (__do_copy_data)
c:/program files (x86)/atmel/atmel toolchain/avr8 gcc/native/3.4.2.1002/avr8-gnu-toolchain/bin/../lib/gcc/avr/4.7.2/avrxmega2\libgcc.a(_clear_bss.o)
                              src/ASF/common/services/sleepmgr/xmega/sleepmgr.o (__do_clear_bss)
c:/program files (x86)/atmel/atmel toolchain/avr8 gcc/native/3.4.2.1002/avr8-gnu-toolchain/bin/../lib/gcc/avr/4.7.2/avrxmega2\libgcc.a(_umulhisi3.o)
                              src/ASF/xmega/services/pwm/pwm.o (__umulhisi3)
c:/program files (x86)/atmel/atmel toolchain/avr8 gcc/native/3.4.2.1002/avr8-gnu-toolchain/bin/../lib/gcc/avr/4.7.2/avrxmega2\libgcc.a(_udivmodhi4.o)
                              c:/program files (x86)/atmel/atmel toolchain/avr8 gcc/native/3.4.2.1002/avr8-gnu-toolchain/bin/../lib/gcc/avr/4.7.2/avrxmega2\libgcc.a(_divmodhi4.o) (__udivmodhi4)
c:/program files (x86)/atmel/atmel toolchain/avr8 gcc/native/3.4.2.1002/avr8-gnu-toolchain/bin/../lib/gcc/avr/4.7.2/../../../../avr/lib/avrxmega2\libc.a(memcpy.o)
                              src/ASF/xmega/drivers/nvm/nvm.o (memcpy)

Allocating common symbols
Common symbol       size              file

rtc_data            0x8               src/ASF/xmega/drivers/rtc/rtc.o
ptr_get             0x2               src/ASF/common/utils/stdio/read.o
ptr_put             0x2               src/ASF/common/utils/stdio/write.o
stdio_base          0x2               src/ASF/common/utils/stdio/write.o
sleepmgr_locks      0x6               src/ASF/common/services/sleepmgr/xmega/sleepmgr.o
pwm_cfg             0x14              src/main.o

Discarded input sections

 .bss           0x00000000        0x0 c:/program files (x86)/atmel/atmel toolchain/avr8 gcc/native/3.4.2.1002/avr8-gnu-toolchain/bin/../lib/gcc/avr/4.7.2/../../../../avr/lib/avrxmega2/crtx32a4u.o
 .group         0x00000000        0x8 src/ASF/common/boards/user_board/init.o
 .group         0x00000000        0x8 src/ASF/common/boards/user_board/init.o
 .group         0x00000000        0x8 src/ASF/common/boards/user_board/init.o
 .group         0x00000000        0x8 src/ASF/common/boards/user_board/init.o
 .group         0x00000000        0x8 src/ASF/common/boards/user_board/init.o
 .group         0x00000000        0x8 src/ASF/common/boards/user_board/init.o
 .group         0x00000000        0x8 src/ASF/common/boards/user_board/init.o
 .group         0x00000000        0x8 src/ASF/common/boards/user_board/init.o
 .group         0x00000000        0x8 src/ASF/common/boards/user_board/init.o
 .group         0x00000000        0x8 src/ASF/common/boards/user_board/init.o
 .group         0x00000000        0x8 src/ASF/common/boards/user_board/init.o
 .group         0x00000000        0x8 src/ASF/common/boards/user_board/init.o
 .group         0x00000000        0x8 src/ASF/common/boards/user_board/init.o
 .group         0x00000000        0x8 src/ASF/common/boards/user_board/init.o
 .group         0x00000000        0x8 src/ASF/common/boards/user_board/init.o
 .group         0x00000000        0x8 src/ASF/common/boards/user_board/init.o
 .group         0x00000000        0x8 src/ASF/common/boards/user_board/init.o
 .group         0x00000000        0x8 src/ASF/common/boards/user_board/init.o
 .group         0x00000000        0x8 src/ASF/common/boards/user_board/init.o
 .group         0x00000000        0x8 src/ASF/common/boards/user_board/init.o
 .group         0x00000000        0x8 src/ASF/common/boards/user_board/init.o
 .group         0x00000000        0x8 src/ASF/common/boards/user_board/init.o
 .group         0x00000000        0x8 src/ASF/common/boards/user_board/init.o
 .group         0x00000000        0x8 src/ASF/common/boards/user_board/init.o
 .group         0x00000000        0x8 src/ASF/common/boards/user_board/init.o
 .group         0x00000000        0x8 src/ASF/common/boards/user_board/init.o
[...]
Memory Configuration

Name             Origin             Length             Attributes
text             0x00000000         0x00100000         xr
data             0x00802000         0x0000ffa0         rw !x
eeprom           0x00810000         0x00010000         rw !x
fuse             0x00820000         0x00000400         rw !x
lock             0x00830000         0x00000400         rw !x
signature        0x00840000         0x00000400         rw !x
user_signatures  0x00850000         0x00000400         rw !x
*default*        0x00000000         0xffffffff

Linker script and memory map

LOAD c:/program files (x86)/atmel/atmel toolchain/avr8 gcc/native/3.4.2.1002/avr8-gnu-toolchain/bin/../lib/gcc/avr/4.7.2/../../../../avr/lib/avrxmega2/crtx32a4u.o
LOAD src/ASF/common/boards/user_board/init.o
LOAD src/ASF/common/services/clock/xmega/sysclk.o
LOAD src/ASF/common/services/ioport/xmega/ioport_compat.o
LOAD src/ASF/common/services/serial/usart_serial.o
LOAD src/ASF/common/services/sleepmgr/xmega/sleepmgr.o
LOAD src/ASF/common/utils/stdio/read.o
LOAD src/ASF/common/utils/stdio/write.o
LOAD src/ASF/xmega/drivers/adc/adc.o
LOAD src/ASF/xmega/drivers/adc/xmega_aau/adc_aau.o
LOAD src/ASF/xmega/drivers/cpu/ccp.o
LOAD src/ASF/xmega/drivers/nvm/nvm.o
LOAD src/ASF/xmega/drivers/nvm/nvm_asm.o
LOAD src/ASF/xmega/drivers/rtc/rtc.o
LOAD src/ASF/xmega/drivers/tc/tc.o
LOAD src/ASF/xmega/drivers/usart/usart.o
LOAD src/ASF/xmega/services/pwm/pwm.o
LOAD src/main.o
START GROUP
END GROUP
LOAD c:/program files (x86)/atmel/atmel toolchain/avr8 gcc/native/3.4.2.1002/avr8-gnu-toolchain/bin/../lib/gcc/avr/4.7.2/avrxmega2\libgcc.a
LOAD c:/program files (x86)/atmel/atmel toolchain/avr8 gcc/native/3.4.2.1002/avr8-gnu-toolchain/bin/../lib/gcc/avr/4.7.2/../../../../avr/lib/avrxmega2\libc.a
LOAD c:/program files (x86)/atmel/atmel toolchain/avr8 gcc/native/3.4.2.1002/avr8-gnu-toolchain/bin/../lib/gcc/avr/4.7.2/avrxmega2\libgcc.a

.hash
 *(.hash)

.dynsym
 *(.dynsym)

.dynstr
 *(.dynstr)

.gnu.version
 *(.gnu.version)

.gnu.version_d
 *(.gnu.version_d)

.gnu.version_r
 *(.gnu.version_r)

.rel.init
 *(.rel.init)

.rela.init
 *(.rela.init)

.rel.text
 *(.rel.text)
 *(.rel.text.*)
 *(.rel.gnu.linkonce.t*)

.rela.text
 *(.rela.text)
 *(.rela.text.*)
 *(.rela.gnu.linkonce.t*)

.rel.fini
 *(.rel.fini)

.rela.fini
 *(.rela.fini)

.rel.rodata
 *(.rel.rodata)
 *(.rel.rodata.*)
 *(.rel.gnu.linkonce.r*)

.rela.rodata
 *(.rela.rodata)
 *(.rela.rodata.*)
 *(.rela.gnu.linkonce.r*)

.rel.data
 *(.rel.data)
 *(.rel.data.*)
 *(.rel.gnu.linkonce.d*)

.rela.data
 *(.rela.data)
 *(.rela.data.*)
 *(.rela.gnu.linkonce.d*)

.rel.ctors
 *(.rel.ctors)

.rela.ctors
 *(.rela.ctors)

.rel.dtors
 *(.rel.dtors)

.rela.dtors
 *(.rela.dtors)

.rel.got
 *(.rel.got)

.rela.got
 *(.rela.got)

.rel.bss
 *(.rel.bss)

.rela.bss
 *(.rela.bss)

.rel.plt
 *(.rel.plt)

.rela.plt
 *(.rela.plt)

.text           0x00000000     0x1a12
 *(.vectors)
 .vectors       0x00000000      0x1fc c:/program files (x86)/atmel/atmel toolchain/avr8 gcc/native/3.4.2.1002/avr8-gnu-toolchain/bin/../lib/gcc/avr/4.7.2/../../../../avr/lib/avrxmega2/crtx32a4u.o
                0x00000000                __vector_default
                0x00000000                __vectors
 *(.vectors)
 *(.progmem.gcc*)
 *(.progmem*)
                0x000001fc                . = ALIGN (0x2)
                0x000001fc                __trampolines_start = .
 *(.trampolines)
 .trampolines   0x000001fc        0x0 linker stubs
 *(.trampolines*)
                0x000001fc                __trampolines_end = .
 *(.jumptables)
 *(.jumptables*)
 *(.lowtext)
 *(.lowtext*)
                0x000001fc                __ctors_start = .
 *(.ctors)
                0x000001fc                __ctors_end = .
                0x000001fc                __dtors_start = .
 *(.dtors)
                0x000001fc                __dtors_end = .
 SORT(*)(.ctors)
 SORT(*)(.dtors)
 *(.init0)
 .init0         0x000001fc        0x0 c:/program files (x86)/atmel/atmel toolchain/avr8 gcc/native/3.4.2.1002/avr8-gnu-toolchain/bin/../lib/gcc/avr/4.7.2/../../../../avr/lib/avrxmega2/crtx32a4u.o
                0x000001fc                __init
 *(.init0)
 *(.init1)
 *(.init1)
 *(.init2)
 .init2         0x000001fc        0xc c:/program files (x86)/atmel/atmel toolchain/avr8 gcc/native/3.4.2.1002/avr8-gnu-toolchain/bin/../lib/gcc/avr/4.7.2/../../../../avr/lib/avrxmega2/crtx32a4u.o
 *(.init2)
 *(.init3)
 *(.init3)
 *(.init4)
 .init4         0x00000208       0x16 c:/program files (x86)/atmel/atmel toolchain/avr8 gcc/native/3.4.2.1002/avr8-gnu-toolchain/bin/../lib/gcc/avr/4.7.2/avrxmega2\libgcc.a(_copy_data.o)
                0x00000208                __do_copy_data
 .init4         0x0000021e       0x10 c:/program files (x86)/atmel/atmel toolchain/avr8 gcc/native/3.4.2.1002/avr8-gnu-toolchain/bin/../lib/gcc/avr/4.7.2/avrxmega2\libgcc.a(_clear_bss.o)
                0x0000021e                __do_clear_bss
 *(.init4)
 *(.init5)
 *(.init5)
 *(.init6)
 *(.init6)
 *(.init7)
 *(.init7)
 *(.init8)
 *(.init8)
 *(.init9)
 .init9         0x0000022e        0x8 c:/program files (x86)/atmel/atmel toolchain/avr8 gcc/native/3.4.2.1002/avr8-gnu-toolchain/bin/../lib/gcc/avr/4.7.2/../../../../avr/lib/avrxmega2/crtx32a4u.o
 *(.init9)
 *(.text)
 .text          0x00000236        0x2 c:/program files (x86)/atmel/atmel toolchain/avr8 gcc/native/3.4.2.1002/avr8-gnu-toolchain/bin/../lib/gcc/avr/4.7.2/../../../../avr/lib/avrxmega2/crtx32a4u.o
                0x00000236                __vector_38
                0x00000236                __vector_104
                0x00000236                __vector_63
                0x00000236                __vector_28
                0x00000236                __vector_67
                0x00000236                __vector_1
                0x00000236                __vector_119
                0x00000236                __vector_32
                0x00000236                __vector_75
                0x00000236                __vector_71
                0x00000236                __vector_91
                0x00000236                __vector_34
                0x00000236                __vector_62
                0x00000236                __vector_102
                0x00000236                __vector_24
                0x00000236                __vector_12
                0x00000236                __vector_55
                0x00000236                __vector_69
                0x00000236                __vector_90
                0x00000236                __vector_46
                0x00000236                __bad_interrupt
                0x00000236                __vector_122
                0x00000236                __vector_72
                0x00000236                __vector_114
                0x00000236                __vector_6
                0x00000236                __vector_110
                0x00000236                __vector_31
                0x00000236                __vector_92
                0x00000236                __vector_35
                0x00000236                __vector_74
                0x00000236                __vector_117
                0x00000236                __vector_39
                0x00000236                __vector_107
                0x00000236                __vector_3
                0x00000236                __vector_105
                0x00000236                __vector_98
                0x00000236                __vector_68
                0x00000236                __vector_30
                0x00000236                __vector_73
                0x00000236                __vector_45
                0x00000236                __vector_25
                0x00000236                __vector_93
                0x00000236                __vector_61
                0x00000236                __vector_54
                0x00000236                __vector_99
                0x00000236                __vector_13
                0x00000236                __vector_56
                0x00000236                __vector_7
                0x00000236                __vector_125
                0x00000236                __vector_123
                0x00000236                __vector_41
                0x00000236                __vector_100
                0x00000236                __vector_101
                0x00000236                __vector_64
                0x00000236                __vector_88
                0x00000236                __vector_109
                0x00000236                __vector_43
                0x00000236                __vector_27
                0x00000236                __vector_5
                0x00000236                __vector_113
                0x00000236                __vector_33
                0x00000236                __vector_76
                0x00000236                __vector_115
                0x00000236                __vector_37
                0x00000236                __vector_95
                0x00000236                __vector_103
                0x00000236                __vector_96
                0x00000236                __vector_89
                0x00000236                __vector_108
                0x00000236                __vector_4
                0x00000236                __vector_44
                0x00000236                __vector_106
                0x00000236                __vector_118
                0x00000236                __vector_9
                0x00000236                __vector_2
                0x00000236                __vector_66
                0x00000236                __vector_36
                0x00000236                __vector_58
                0x00000236                __vector_70
                0x00000236                __vector_29
                0x00000236                __vector_60
                0x00000236                __vector_121
                0x00000236                __vector_40
                0x00000236                __vector_94
                0x00000236                __vector_126
                0x00000236                __vector_8
                0x00000236                __vector_26
                0x00000236                __vector_124
                0x00000236                __vector_116
                0x00000236                __vector_112
                0x00000236                __vector_111
                0x00000236                __vector_57
                0x00000236                __vector_53
                0x00000236                __vector_59
                0x00000236                __vector_97
                0x00000236                __vector_42
                0x00000236                __vector_87
                0x00000236                __vector_65
                0x00000236                __vector_120
                0x00000238                . = ALIGN (0x2)
 *(.text.*)
 .text.board_init
                0x00000238        0x2 src/ASF/common/boards/user_board/init.o
                0x00000238                board_init
 .text.sysclk_init
                0x0000023a       0x56 src/ASF/common/services/clock/xmega/sysclk.o
                0x0000023a                sysclk_init
 .text.sysclk_enable_module
                0x00000290       0x16 src/ASF/common/services/clock/xmega/sysclk.o
                0x00000290                sysclk_enable_module
 .text.sysclk_disable_module
                0x000002a6       0x14 src/ASF/common/services/clock/xmega/sysclk.o
                0x000002a6                sysclk_disable_module
 .text.adc_enable_clock
                0x000002ba       0x20 src/ASF/xmega/drivers/adc/adc.o
                0x000002ba                adc_enable_clock
 .text.adc_disable_clock
                0x000002da       0x1e src/ASF/xmega/drivers/adc/adc.o
                0x000002da                adc_disable_clock
 .text.adc_enable
                0x000002f8       0x2e src/ASF/xmega/drivers/adc/adc.o
                0x000002f8                adc_enable
 .text.adc_write_configuration
                0x00000326       0x7a src/ASF/xmega/drivers/adc/xmega_aau/adc_aau.o
                0x00000326                adc_write_configuration
 .text.adc_read_configuration
                0x000003a0       0x46 src/ASF/xmega/drivers/adc/xmega_aau/adc_aau.o
                0x000003a0                adc_read_configuration
 .text.adcch_write_configuration
                0x000003e6       0x72 src/ASF/xmega/drivers/adc/xmega_aau/adc_aau.o
                0x000003e6                adcch_write_configuration
 .text.adcch_read_configuration
                0x00000458       0x74 src/ASF/xmega/drivers/adc/xmega_aau/adc_aau.o
                0x00000458                adcch_read_configuration
 .text.ccp_write_io
                0x000004cc        0xc src/ASF/xmega/drivers/cpu/ccp.o
                0x000004cc                ccp_write_io
 .text.nvm_read_byte
                0x000004d8       0x14 src/ASF/xmega/drivers/nvm/nvm_asm.o
                0x000004d8                nvm_read_byte
 .text.__vector_10
                0x000004ec       0x32 src/ASF/xmega/drivers/rtc/rtc.o
                0x000004ec                __vector_10
 .text.__vector_11
                0x0000051e       0xee src/ASF/xmega/drivers/rtc/rtc.o
                0x0000051e                __vector_11
 .text.__vector_14
                0x0000060c       0x52 src/ASF/xmega/drivers/tc/tc.o
                0x0000060c                __vector_14
 .text.__vector_15
                0x0000065e       0x52 src/ASF/xmega/drivers/tc/tc.o
                0x0000065e                __vector_15
 .text.__vector_16
                0x000006b0       0x52 src/ASF/xmega/drivers/tc/tc.o
                0x000006b0                __vector_16
 .text.__vector_17
                0x00000702       0x52 src/ASF/xmega/drivers/tc/tc.o
                0x00000702                __vector_17
 .text.__vector_18
                0x00000754       0x52 src/ASF/xmega/drivers/tc/tc.o
                0x00000754                __vector_18
 .text.__vector_19
                0x000007a6       0x52 src/ASF/xmega/drivers/tc/tc.o
                0x000007a6                __vector_19
 .text.__vector_20
                0x000007f8       0x52 src/ASF/xmega/drivers/tc/tc.o
                0x000007f8                __vector_20
 .text.__vector_21
                0x0000084a       0x52 src/ASF/xmega/drivers/tc/tc.o
                0x0000084a                __vector_21
 .text.__vector_22
                0x0000089c       0x52 src/ASF/xmega/drivers/tc/tc.o
                0x0000089c                __vector_22
 .text.__vector_23
                0x000008ee       0x52 src/ASF/xmega/drivers/tc/tc.o
                0x000008ee                __vector_23
 .text.__vector_77
                0x00000940       0x52 src/ASF/xmega/drivers/tc/tc.o
                0x00000940                __vector_77
 .text.__vector_78
                0x00000992       0x52 src/ASF/xmega/drivers/tc/tc.o
                0x00000992                __vector_78
 .text.__vector_79
                0x000009e4       0x52 src/ASF/xmega/drivers/tc/tc.o
                0x000009e4                __vector_79
 .text.__vector_80
                0x00000a36       0x52 src/ASF/xmega/drivers/tc/tc.o
                0x00000a36                __vector_80
 .text.__vector_81
                0x00000a88       0x52 src/ASF/xmega/drivers/tc/tc.o
                0x00000a88                __vector_81
 .text.__vector_82
                0x00000ada       0x52 src/ASF/xmega/drivers/tc/tc.o
                0x00000ada                __vector_82
 .text.__vector_83
                0x00000b2c       0x52 src/ASF/xmega/drivers/tc/tc.o
                0x00000b2c                __vector_83
 .text.__vector_84
                0x00000b7e       0x52 src/ASF/xmega/drivers/tc/tc.o
                0x00000b7e                __vector_84
 .text.__vector_85
                0x00000bd0       0x52 src/ASF/xmega/drivers/tc/tc.o
                0x00000bd0                __vector_85
 .text.__vector_86
                0x00000c22       0x52 src/ASF/xmega/drivers/tc/tc.o
                0x00000c22                __vector_86
 .text.__vector_47
                0x00000c74       0x52 src/ASF/xmega/drivers/tc/tc.o
                0x00000c74                __vector_47
 .text.__vector_48
                0x00000cc6       0x52 src/ASF/xmega/drivers/tc/tc.o
                0x00000cc6                __vector_48
 .text.__vector_49
                0x00000d18       0x52 src/ASF/xmega/drivers/tc/tc.o
                0x00000d18                __vector_49
 .text.__vector_50
                0x00000d6a       0x52 src/ASF/xmega/drivers/tc/tc.o
                0x00000d6a                __vector_50
 .text.__vector_51
                0x00000dbc       0x52 src/ASF/xmega/drivers/tc/tc.o
                0x00000dbc                __vector_51
 .text.__vector_52
                0x00000e0e       0x52 src/ASF/xmega/drivers/tc/tc.o
                0x00000e0e                __vector_52
 .text.tc_enable
                0x00000e60       0xa0 src/ASF/xmega/drivers/tc/tc.o
                0x00000e60                tc_enable
 .text.tc_set_overflow_interrupt_callback
                0x00000f00       0x58 src/ASF/xmega/drivers/tc/tc.o
                0x00000f00                tc_set_overflow_interrupt_callback
 .text.pwm_set_frequency
                0x00000f58       0xee src/ASF/xmega/services/pwm/pwm.o
                0x00000f58                pwm_set_frequency
 .text.pwm_init
                0x00001046      0x182 src/ASF/xmega/services/pwm/pwm.o
                0x00001046                pwm_init
 .text.pwm_start
                0x000011c8       0xac src/ASF/xmega/services/pwm/pwm.o
                0x000011c8                pwm_start
 .text.tc_init  0x00001274       0x3a src/main.o
                0x00001274                tc_init
 .text.init_motors
                0x000012ae       0x24 src/main.o
                0x000012ae                init_motors
 .text.set_motorB
                0x000012d2       0x46 src/main.o
                0x000012d2                set_motorB
 .text.set_motorA
                0x00001318       0x46 src/main.o
                0x00001318                set_motorA
 .text.set_motors
                0x0000135e      0x14a src/main.o
                0x0000135e                set_motors
 .text.read_adc
                0x000014a8       0x92 src/main.o
                0x000014a8                read_adc
 .text.signalLeds
                0x0000153a       0xcc src/main.o
                0x0000153a                signalLeds
 .text.read_distance_sensors
                0x00001606      0x1c2 src/main.o
                0x00001606                read_distance_sensors
 .text.mainLoop
                0x000017c8       0x78 src/main.o
                0x000017c8                mainLoop
 .text.main     0x00001840      0x124 src/main.o
                0x00001840                main
 .text.libgcc.div
                0x00001964       0x26 c:/program files (x86)/atmel/atmel toolchain/avr8 gcc/native/3.4.2.1002/avr8-gnu-toolchain/bin/../lib/gcc/avr/4.7.2/avrxmega2\libgcc.a(_divmodhi4.o)
                0x00001964                _div
                0x00001964                __divmodhi4
 .text.libgcc.div
                0x0000198a       0x44 c:/program files (x86)/atmel/atmel toolchain/avr8 gcc/native/3.4.2.1002/avr8-gnu-toolchain/bin/../lib/gcc/avr/4.7.2/avrxmega2\libgcc.a(_udivmodsi4.o)
                0x0000198a                __udivmodsi4
 .text.libgcc.mul
                0x000019ce       0x18 c:/program files (x86)/atmel/atmel toolchain/avr8 gcc/native/3.4.2.1002/avr8-gnu-toolchain/bin/../lib/gcc/avr/4.7.2/avrxmega2\libgcc.a(_umulhisi3.o)
                0x000019ce                __umulhisi3
 .text.libgcc.div
                0x000019e6       0x28 c:/program files (x86)/atmel/atmel toolchain/avr8 gcc/native/3.4.2.1002/avr8-gnu-toolchain/bin/../lib/gcc/avr/4.7.2/avrxmega2\libgcc.a(_udivmodhi4.o)
                0x000019e6                __udivmodhi4
                0x00001a0e                . = ALIGN (0x2)
 *(.fini9)
 .fini9         0x00001a0e        0x0 c:/program files (x86)/atmel/atmel toolchain/avr8 gcc/native/3.4.2.1002/avr8-gnu-toolchain/bin/../lib/gcc/avr/4.7.2/avrxmega2\libgcc.a(_exit.o)
                0x00001a0e                _exit
                0x00001a0e                exit
 *(.fini9)
 *(.fini8)
 *(.fini8)
 *(.fini7)
 *(.fini7)
 *(.fini6)
 *(.fini6)
 *(.fini5)
 *(.fini5)
 *(.fini4)
 *(.fini4)
 *(.fini3)
 *(.fini3)
 *(.fini2)
 *(.fini2)
 *(.fini1)
 *(.fini1)
 *(.fini0)
 .fini0         0x00001a0e        0x4 c:/program files (x86)/atmel/atmel toolchain/avr8 gcc/native/3.4.2.1002/avr8-gnu-toolchain/bin/../lib/gcc/avr/4.7.2/avrxmega2\libgcc.a(_exit.o)
 *(.fini0)
                0x00001a12                _etext = .

.data           0x00802000        0x0 load address 0x00001a12
                0x00802000                PROVIDE (__data_start, .)
 *(.data)
 .data          0x00802000        0x0 c:/program files (x86)/atmel/atmel toolchain/avr8 gcc/native/3.4.2.1002/avr8-gnu-toolchain/bin/../lib/gcc/avr/4.7.2/../../../../avr/lib/avrxmega2/crtx32a4u.o
 .data          0x00802000        0x0 src/ASF/common/boards/user_board/init.o
 .data          0x00802000        0x0 src/ASF/common/services/clock/xmega/sysclk.o
 .data          0x00802000        0x0 src/ASF/common/services/ioport/xmega/ioport_compat.o
 .data          0x00802000        0x0 src/ASF/common/services/serial/usart_serial.o
 .data          0x00802000        0x0 src/ASF/common/services/sleepmgr/xmega/sleepmgr.o
 .data          0x00802000        0x0 src/ASF/common/utils/stdio/read.o
 .data          0x00802000        0x0 src/ASF/common/utils/stdio/write.o
 .data          0x00802000        0x0 src/ASF/xmega/drivers/adc/adc.o
 .data          0x00802000        0x0 src/ASF/xmega/drivers/adc/xmega_aau/adc_aau.o
 .data          0x00802000        0x0 src/ASF/xmega/drivers/cpu/ccp.o
 .data          0x00802000        0x0 src/ASF/xmega/drivers/nvm/nvm.o
 .data          0x00802000        0x0 src/ASF/xmega/drivers/nvm/nvm_asm.o
 .data          0x00802000        0x0 src/ASF/xmega/drivers/rtc/rtc.o
 .data          0x00802000        0x0 src/ASF/xmega/drivers/tc/tc.o
 .data          0x00802000        0x0 src/ASF/xmega/drivers/usart/usart.o
 .data          0x00802000        0x0 src/ASF/xmega/services/pwm/pwm.o
 .data          0x00802000        0x0 src/main.o
 .data          0x00802000        0x0 c:/program files (x86)/atmel/atmel toolchain/avr8 gcc/native/3.4.2.1002/avr8-gnu-toolchain/bin/../lib/gcc/avr/4.7.2/avrxmega2\libgcc.a(_divmodhi4.o)
 .data          0x00802000        0x0 c:/program files (x86)/atmel/atmel toolchain/avr8 gcc/native/3.4.2.1002/avr8-gnu-toolchain/bin/../lib/gcc/avr/4.7.2/avrxmega2\libgcc.a(_udivmodsi4.o)
 .data          0x00802000        0x0 c:/program files (x86)/atmel/atmel toolchain/avr8 gcc/native/3.4.2.1002/avr8-gnu-toolchain/bin/../lib/gcc/avr/4.7.2/avrxmega2\libgcc.a(_exit.o)
 .data          0x00802000        0x0 c:/program files (x86)/atmel/atmel toolchain/avr8 gcc/native/3.4.2.1002/avr8-gnu-toolchain/bin/../lib/gcc/avr/4.7.2/avrxmega2\libgcc.a(_copy_data.o)
 .data          0x00802000        0x0 c:/program files (x86)/atmel/atmel toolchain/avr8 gcc/native/3.4.2.1002/avr8-gnu-toolchain/bin/../lib/gcc/avr/4.7.2/avrxmega2\libgcc.a(_clear_bss.o)
 .data          0x00802000        0x0 c:/program files (x86)/atmel/atmel toolchain/avr8 gcc/native/3.4.2.1002/avr8-gnu-toolchain/bin/../lib/gcc/avr/4.7.2/avrxmega2\libgcc.a(_umulhisi3.o)
 .data          0x00802000        0x0 c:/program files (x86)/atmel/atmel toolchain/avr8 gcc/native/3.4.2.1002/avr8-gnu-toolchain/bin/../lib/gcc/avr/4.7.2/avrxmega2\libgcc.a(_udivmodhi4.o)
 .data          0x00802000        0x0 c:/program files (x86)/atmel/atmel toolchain/avr8 gcc/native/3.4.2.1002/avr8-gnu-toolchain/bin/../lib/gcc/avr/4.7.2/../../../../avr/lib/avrxmega2\libc.a(memcpy.o)
 *(.data*)
 *(.rodata)
 *(.rodata*)
 *(.gnu.linkonce.d*)
                0x00802000                . = ALIGN (0x2)
                0x00802000                _edata = .
                0x00802000                PROVIDE (__data_end, .)

.bss            0x00802000       0x5b
                0x00802000                PROVIDE (__bss_start, .)
 *(.bss)
 *(.bss*)
 .bss.adca_enable_count
                0x00802000        0x1 src/ASF/xmega/drivers/adc/adc.o
 .bss.tc_tcc0_ovf_callback
                0x00802001        0x2 src/ASF/xmega/drivers/tc/tc.o
 .bss.tc_tcc0_err_callback
                0x00802003        0x2 src/ASF/xmega/drivers/tc/tc.o
 .bss.tc_tcc0_cca_callback
                0x00802005        0x2 src/ASF/xmega/drivers/tc/tc.o
 .bss.tc_tcc0_ccb_callback
                0x00802007        0x2 src/ASF/xmega/drivers/tc/tc.o
 .bss.tc_tcc0_ccc_callback
                0x00802009        0x2 src/ASF/xmega/drivers/tc/tc.o
 .bss.tc_tcc0_ccd_callback
                0x0080200b        0x2 src/ASF/xmega/drivers/tc/tc.o
 .bss.tc_tcc1_ovf_callback
                0x0080200d        0x2 src/ASF/xmega/drivers/tc/tc.o
 .bss.tc_tcc1_err_callback
                0x0080200f        0x2 src/ASF/xmega/drivers/tc/tc.o
 .bss.tc_tcc1_cca_callback
                0x00802011        0x2 src/ASF/xmega/drivers/tc/tc.o
 .bss.tc_tcc1_ccb_callback
                0x00802013        0x2 src/ASF/xmega/drivers/tc/tc.o
 .bss.tc_tcd0_ovf_callback
                0x00802015        0x2 src/ASF/xmega/drivers/tc/tc.o
 .bss.tc_tcd0_err_callback
                0x00802017        0x2 src/ASF/xmega/drivers/tc/tc.o
 .bss.tc_tcd0_cca_callback
                0x00802019        0x2 src/ASF/xmega/drivers/tc/tc.o
 .bss.tc_tcd0_ccb_callback
                0x0080201b        0x2 src/ASF/xmega/drivers/tc/tc.o
 .bss.tc_tcd0_ccc_callback
                0x0080201d        0x2 src/ASF/xmega/drivers/tc/tc.o
 .bss.tc_tcd0_ccd_callback
                0x0080201f        0x2 src/ASF/xmega/drivers/tc/tc.o
 .bss.tc_tcd1_ovf_callback
                0x00802021        0x2 src/ASF/xmega/drivers/tc/tc.o
 .bss.tc_tcd1_err_callback
                0x00802023        0x2 src/ASF/xmega/drivers/tc/tc.o
 .bss.tc_tcd1_cca_callback
                0x00802025        0x2 src/ASF/xmega/drivers/tc/tc.o
 .bss.tc_tcd1_ccb_callback
                0x00802027        0x2 src/ASF/xmega/drivers/tc/tc.o
 .bss.tc_tce0_ovf_callback
                0x00802029        0x2 src/ASF/xmega/drivers/tc/tc.o
 .bss.tc_tce0_err_callback
                0x0080202b        0x2 src/ASF/xmega/drivers/tc/tc.o
 .bss.tc_tce0_cca_callback
                0x0080202d        0x2 src/ASF/xmega/drivers/tc/tc.o
 .bss.tc_tce0_ccb_callback
                0x0080202f        0x2 src/ASF/xmega/drivers/tc/tc.o
 .bss.tc_tce0_ccc_callback
                0x00802031        0x2 src/ASF/xmega/drivers/tc/tc.o
 .bss.tc_tce0_ccd_callback
                0x00802033        0x2 src/ASF/xmega/drivers/tc/tc.o
 .bss.Mode      0x00802035        0x2 src/main.o
                0x00802035                Mode
 .bss.lastOponentPosition
                0x00802037        0x2 src/main.o
                0x00802037                lastOponentPosition
 *(COMMON)
 COMMON         0x00802039        0x6 src/ASF/common/services/sleepmgr/xmega/sleepmgr.o
                0x00802039                sleepmgr_locks
 COMMON         0x0080203f        0x8 src/ASF/xmega/drivers/rtc/rtc.o
                0x0080203f                rtc_data
 COMMON         0x00802047       0x14 src/main.o
                0x00802047                pwm_cfg
                0x0080205b                PROVIDE (__bss_end, .)
                0x00001a12                __data_load_start = LOADADDR (.data)
                0x00001a12                __data_load_end = (__data_load_start + SIZEOF (.data))

.noinit         0x0080205b        0x0
                0x0080205b                PROVIDE (__noinit_start, .)
 *(.noinit*)
                0x0080205b                PROVIDE (__noinit_end, .)
                0x0080205b                _end = .
                0x0080205b                PROVIDE (__heap_start, .)

.eeprom         0x00810000        0x0
 *(.eeprom*)
                0x00810000                __eeprom_end = .

.fuse
 *(.fuse)
 *(.lfuse)
 *(.hfuse)
 *(.efuse)

.lock
 *(.lock*)

.signature
 *(.signature*)

.user_signatures
 *(.user_signatures*)

.stab           0x00000000      0x750
 *(.stab)
 .stab          0x00000000      0x6cc c:/program files (x86)/atmel/atmel toolchain/avr8 gcc/native/3.4.2.1002/avr8-gnu-toolchain/bin/../lib/gcc/avr/4.7.2/../../../../avr/lib/avrxmega2/crtx32a4u.o
 .stab          0x000006cc       0x84 c:/program files (x86)/atmel/atmel toolchain/avr8 gcc/native/3.4.2.1002/avr8-gnu-toolchain/bin/../lib/gcc/avr/4.7.2/../../../../avr/lib/avrxmega2\libc.a(memcpy.o)
                                 0x90 (size before relaxing)

.stabstr        0x00000000      0x10b
 *(.stabstr)
 .stabstr       0x00000000      0x10b c:/program files (x86)/atmel/atmel toolchain/avr8 gcc/native/3.4.2.1002/avr8-gnu-toolchain/bin/../lib/gcc/avr/4.7.2/../../../../avr/lib/avrxmega2/crtx32a4u.o

.stab.excl
 *(.stab.excl)

.stab.exclstr
 *(.stab.exclstr)

.stab.index
 *(.stab.index)

.stab.indexstr
 *(.stab.indexstr)

.comment        0x00000000       0x2f
 *(.comment)
 .comment       0x00000000       0x2f src/ASF/common/boards/user_board/init.o
                                 0x30 (size before relaxing)
 .comment       0x00000000       0x30 src/ASF/common/services/clock/xmega/sysclk.o
 .comment       0x00000000       0x30 src/ASF/common/services/ioport/xmega/ioport_compat.o
 .comment       0x00000000       0x30 src/ASF/common/services/serial/usart_serial.o
 .comment       0x00000000       0x30 src/ASF/common/services/sleepmgr/xmega/sleepmgr.o
 .comment       0x00000000       0x30 src/ASF/common/utils/stdio/read.o
 .comment       0x00000000       0x30 src/ASF/common/utils/stdio/write.o
 .comment       0x00000000       0x30 src/ASF/xmega/drivers/adc/adc.o
 .comment       0x00000000       0x30 src/ASF/xmega/drivers/adc/xmega_aau/adc_aau.o
 .comment       0x00000000       0x30 src/ASF/xmega/drivers/nvm/nvm.o
 .comment       0x00000000       0x30 src/ASF/xmega/drivers/rtc/rtc.o
 .comment       0x00000000       0x30 src/ASF/xmega/drivers/tc/tc.o
 .comment       0x00000000       0x30 src/ASF/xmega/drivers/usart/usart.o
 .comment       0x00000000       0x30 src/ASF/xmega/services/pwm/pwm.o
 .comment       0x00000000       0x30 src/main.o

.debug
 *(.debug)

.line
 *(.line)

.debug_srcinfo
 *(.debug_srcinfo)

.debug_sfnames
 *(.debug_sfnames)

.debug_aranges  0x00000000      0x4f0
 *(.debug_aranges)
 .debug_aranges
                0x00000000       0x20 src/ASF/common/boards/user_board/init.o
 .debug_aranges
                0x00000020       0x40 src/ASF/common/services/clock/xmega/sysclk.o
 .debug_aranges
                0x00000060       0x20 src/ASF/common/services/ioport/xmega/ioport_compat.o
 .debug_aranges
                0x00000080       0x28 src/ASF/common/services/serial/usart_serial.o
 .debug_aranges
                0x000000a8       0x18 src/ASF/common/services/sleepmgr/xmega/sleepmgr.o
 .debug_aranges
                0x000000c0       0x20 src/ASF/common/utils/stdio/read.o
 .debug_aranges
                0x000000e0       0x20 src/ASF/common/utils/stdio/write.o
 .debug_aranges
                0x00000100       0x40 src/ASF/xmega/drivers/adc/adc.o
 .debug_aranges
                0x00000140       0x38 src/ASF/xmega/drivers/adc/xmega_aau/adc_aau.o
 .debug_aranges
                0x00000178       0x20 src/ASF/xmega/drivers/cpu/ccp.o
 .debug_aranges
                0x00000198       0xc0 src/ASF/xmega/drivers/nvm/nvm.o
 .debug_aranges
                0x00000258       0x28 src/ASF/xmega/drivers/nvm/nvm_asm.o
 .debug_aranges
                0x00000280       0x58 src/ASF/xmega/drivers/rtc/rtc.o
 .debug_aranges
                0x000002d8      0x128 src/ASF/xmega/drivers/tc/tc.o
 .debug_aranges
                0x00000400       0x58 src/ASF/xmega/drivers/usart/usart.o
 .debug_aranges
                0x00000458       0x30 src/ASF/xmega/services/pwm/pwm.o
 .debug_aranges
                0x00000488       0x68 src/main.o

.debug_pubnames
 *(.debug_pubnames)

.debug_info     0x00000000     0xca4c
 *(.debug_info)
 .debug_info    0x00000000      0x1ac src/ASF/common/boards/user_board/init.o
 .debug_info    0x000001ac      0x8a0 src/ASF/common/services/clock/xmega/sysclk.o
 .debug_info    0x00000a4c      0x11d src/ASF/common/services/ioport/xmega/ioport_compat.o
 .debug_info    0x00000b69      0x393 src/ASF/common/services/serial/usart_serial.o
 .debug_info    0x00000efc      0x121 src/ASF/common/services/sleepmgr/xmega/sleepmgr.o
 .debug_info    0x0000101d      0x119 src/ASF/common/utils/stdio/read.o
 .debug_info    0x00001136      0x119 src/ASF/common/utils/stdio/write.o
 .debug_info    0x0000124f      0x997 src/ASF/xmega/drivers/adc/adc.o
 .debug_info    0x00001be6      0xc5b src/ASF/xmega/drivers/adc/xmega_aau/adc_aau.o
 .debug_info    0x00002841       0x81 src/ASF/xmega/drivers/cpu/ccp.o
 .debug_info    0x000028c2     0x1384 src/ASF/xmega/drivers/nvm/nvm.o
 .debug_info    0x00003c46       0x81 src/ASF/xmega/drivers/nvm/nvm_asm.o
 .debug_info    0x00003cc7      0x706 src/ASF/xmega/drivers/rtc/rtc.o
 .debug_info    0x000043cd     0x174d src/ASF/xmega/drivers/tc/tc.o
 .debug_info    0x00005b1a     0x2e4b src/ASF/xmega/drivers/usart/usart.o
 .debug_info    0x00008965     0x13f4 src/ASF/xmega/services/pwm/pwm.o
 .debug_info    0x00009d59     0x2cf3 src/main.o
 *(.gnu.linkonce.wi.*)

.debug_abbrev   0x00000000     0x21d1
 *(.debug_abbrev)
 .debug_abbrev  0x00000000       0xd8 src/ASF/common/boards/user_board/init.o
 .debug_abbrev  0x000000d8      0x27b src/ASF/common/services/clock/xmega/sysclk.o
 .debug_abbrev  0x00000353       0x93 src/ASF/common/services/ioport/xmega/ioport_compat.o
 .debug_abbrev  0x000003e6      0x18b src/ASF/common/services/serial/usart_serial.o
 .debug_abbrev  0x00000571       0x80 src/ASF/common/services/sleepmgr/xmega/sleepmgr.o
 .debug_abbrev  0x000005f1       0xc5 src/ASF/common/utils/stdio/read.o
 .debug_abbrev  0x000006b6       0xa7 src/ASF/common/utils/stdio/write.o
 .debug_abbrev  0x0000075d      0x274 src/ASF/xmega/drivers/adc/adc.o
 .debug_abbrev  0x000009d1      0x32d src/ASF/xmega/drivers/adc/xmega_aau/adc_aau.o
 .debug_abbrev  0x00000cfe       0x14 src/ASF/xmega/drivers/cpu/ccp.o
 .debug_abbrev  0x00000d12      0x3f4 src/ASF/xmega/drivers/nvm/nvm.o
 .debug_abbrev  0x00001106       0x12 src/ASF/xmega/drivers/nvm/nvm_asm.o
 .debug_abbrev  0x00001118      0x2c4 src/ASF/xmega/drivers/rtc/rtc.o
 .debug_abbrev  0x000013dc      0x2a7 src/ASF/xmega/drivers/tc/tc.o
 .debug_abbrev  0x00001683      0x3df src/ASF/xmega/drivers/usart/usart.o
 .debug_abbrev  0x00001a62      0x2b0 src/ASF/xmega/services/pwm/pwm.o
 .debug_abbrev  0x00001d12      0x4bf src/main.o

.debug_line     0x00000000     0x7e1b
 *(.debug_line)
 .debug_line    0x00000000      0x893 src/ASF/common/boards/user_board/init.o
 .debug_line    0x00000893      0x69b src/ASF/common/services/clock/xmega/sysclk.o
 .debug_line    0x00000f2e      0x4d5 src/ASF/common/services/ioport/xmega/ioport_compat.o
 .debug_line    0x00001403      0x642 src/ASF/common/services/serial/usart_serial.o
 .debug_line    0x00001a45      0x47c src/ASF/common/services/sleepmgr/xmega/sleepmgr.o
 .debug_line    0x00001ec1      0x3f9 src/ASF/common/utils/stdio/read.o
 .debug_line    0x000022ba      0x400 src/ASF/common/utils/stdio/write.o
 .debug_line    0x000026ba      0x734 src/ASF/xmega/drivers/adc/adc.o
 .debug_line    0x00002dee      0x866 src/ASF/xmega/drivers/adc/xmega_aau/adc_aau.o
 .debug_line    0x00003654       0x6e src/ASF/xmega/drivers/cpu/ccp.o
 .debug_line    0x000036c2      0xbb9 src/ASF/xmega/drivers/nvm/nvm.o
 .debug_line    0x0000427b      0x11f src/ASF/xmega/drivers/nvm/nvm_asm.o
 .debug_line    0x0000439a      0x7e7 src/ASF/xmega/drivers/rtc/rtc.o
 .debug_line    0x00004b81      0xca8 src/ASF/xmega/drivers/tc/tc.o
 .debug_line    0x00005829      0xbed src/ASF/xmega/drivers/usart/usart.o
 .debug_line    0x00006416      0xac7 src/ASF/xmega/services/pwm/pwm.o
 .debug_line    0x00006edd      0xf3e src/main.o

.debug_frame    0x00000000     0x13d0
 *(.debug_frame)
 .debug_frame   0x00000000       0x24 src/ASF/common/boards/user_board/init.o
 .debug_frame   0x00000024       0x64 src/ASF/common/services/clock/xmega/sysclk.o
 .debug_frame   0x00000088       0x30 src/ASF/common/services/ioport/xmega/ioport_compat.o
 .debug_frame   0x000000b8       0x74 src/ASF/common/services/serial/usart_serial.o
 .debug_frame   0x0000012c       0x34 src/ASF/common/utils/stdio/read.o
 .debug_frame   0x00000160       0x24 src/ASF/common/utils/stdio/write.o
 .debug_frame   0x00000184       0x7c src/ASF/xmega/drivers/adc/adc.o
 .debug_frame   0x00000200       0xdc src/ASF/xmega/drivers/adc/xmega_aau/adc_aau.o
 .debug_frame   0x000002dc      0x340 src/ASF/xmega/drivers/nvm/nvm.o
 .debug_frame   0x0000061c      0x124 src/ASF/xmega/drivers/rtc/rtc.o
 .debug_frame   0x00000740      0x994 src/ASF/xmega/drivers/tc/tc.o
 .debug_frame   0x000010d4      0x148 src/ASF/xmega/drivers/usart/usart.o
 .debug_frame   0x0000121c       0x84 src/ASF/xmega/services/pwm/pwm.o
 .debug_frame   0x000012a0      0x130 src/main.o

.debug_str      0x00000000    0x26656
 *(.debug_str)
 .debug_str     0x00000000    0x2287b src/ASF/common/boards/user_board/init.o
                              0x22f3b (size before relaxing)
 .debug_str     0x0002287b      0x367 src/ASF/common/services/clock/xmega/sysclk.o
                              0x21cfe (size before relaxing)
 .debug_str     0x00022be2       0xab src/ASF/common/services/ioport/xmega/ioport_compat.o
                              0x20e72 (size before relaxing)
 .debug_str     0x00022c8d      0x206 src/ASF/common/services/serial/usart_serial.o
                              0x21a87 (size before relaxing)
 .debug_str     0x00022e93       0xb3 src/ASF/common/services/sleepmgr/xmega/sleepmgr.o
                              0x20cb5 (size before relaxing)
 .debug_str     0x00022f46       0x25 src/ASF/common/utils/stdio/read.o
                              0x20825 (size before relaxing)
 .debug_str     0x00022f6b       0x2d src/ASF/common/utils/stdio/write.o
                              0x20827 (size before relaxing)
 .debug_str     0x00022f98      0x3c9 src/ASF/xmega/drivers/adc/adc.o
                              0x225e7 (size before relaxing)
 .debug_str     0x00023361      0x51e src/ASF/xmega/drivers/adc/xmega_aau/adc_aau.o
                              0x22815 (size before relaxing)
 .debug_str     0x0002387f      0x6d2 src/ASF/xmega/drivers/nvm/nvm.o
                              0x213df (size before relaxing)
 .debug_str     0x00023f51      0x2f8 src/ASF/xmega/drivers/rtc/rtc.o
                              0x22132 (size before relaxing)
 .debug_str     0x00024249      0x780 src/ASF/xmega/drivers/tc/tc.o
                              0x225d5 (size before relaxing)
 .debug_str     0x000249c9      0x8f3 src/ASF/xmega/drivers/usart/usart.o
                              0x22f99 (size before relaxing)
 .debug_str     0x000252bc      0x449 src/ASF/xmega/services/pwm/pwm.o
                              0x23930 (size before relaxing)
 .debug_str     0x00025705      0xf51 src/main.o
                              0x24b32 (size before relaxing)

.debug_loc      0x00000000     0x5b85
 *(.debug_loc)
 .debug_loc     0x00000000      0x28a src/ASF/common/services/clock/xmega/sysclk.o
 .debug_loc     0x0000028a       0x43 src/ASF/common/services/ioport/xmega/ioport_compat.o
 .debug_loc     0x000002cd      0x280 src/ASF/common/services/serial/usart_serial.o
 .debug_loc     0x0000054d       0x6e src/ASF/common/utils/stdio/read.o
 .debug_loc     0x000005bb       0x52 src/ASF/common/utils/stdio/write.o
 .debug_loc     0x0000060d      0x1c6 src/ASF/xmega/drivers/adc/adc.o
 .debug_loc     0x000007d3      0x647 src/ASF/xmega/drivers/adc/xmega_aau/adc_aau.o
 .debug_loc     0x00000e1a     0x114c src/ASF/xmega/drivers/nvm/nvm.o
 .debug_loc     0x00001f66      0x2cf src/ASF/xmega/drivers/rtc/rtc.o
 .debug_loc     0x00002235     0x17d4 src/ASF/xmega/drivers/tc/tc.o
 .debug_loc     0x00003a09      0xd76 src/ASF/xmega/drivers/usart/usart.o
 .debug_loc     0x0000477f      0x797 src/ASF/xmega/services/pwm/pwm.o
 .debug_loc     0x00004f16      0xc6f src/main.o

.debug_macinfo
 *(.debug_macinfo)

.debug_pubtypes
 *(.debug_pubtypes)

.debug_ranges   0x00000000      0x4e8
 *(.debug_ranges)
 .debug_ranges  0x00000000       0x10 src/ASF/common/boards/user_board/init.o
 .debug_ranges  0x00000010       0x30 src/ASF/common/services/clock/xmega/sysclk.o
 .debug_ranges  0x00000040       0x10 src/ASF/common/services/ioport/xmega/ioport_compat.o
 .debug_ranges  0x00000050       0x18 src/ASF/common/services/serial/usart_serial.o
 .debug_ranges  0x00000068       0x10 src/ASF/common/utils/stdio/read.o
 .debug_ranges  0x00000078       0x10 src/ASF/common/utils/stdio/write.o
 .debug_ranges  0x00000088       0x30 src/ASF/xmega/drivers/adc/adc.o
 .debug_ranges  0x000000b8       0x28 src/ASF/xmega/drivers/adc/xmega_aau/adc_aau.o
 .debug_ranges  0x000000e0       0xc8 src/ASF/xmega/drivers/nvm/nvm.o
 .debug_ranges  0x000001a8       0x20 src/ASF/xmega/drivers/nvm/nvm_asm.o
 .debug_ranges  0x000001c8       0x48 src/ASF/xmega/drivers/rtc/rtc.o
 .debug_ranges  0x00000210      0x118 src/ASF/xmega/drivers/tc/tc.o
 .debug_ranges  0x00000328       0x88 src/ASF/xmega/drivers/usart/usart.o
 .debug_ranges  0x000003b0       0x20 src/ASF/xmega/services/pwm/pwm.o
 .debug_ranges  0x000003d0      0x118 src/main.o

.debug_macro    0x00000000     0xa0cf
 *(.debug_macro)
 .debug_macro   0x00000000      0x30f src/ASF/common/boards/user_board/init.o
 .debug_macro   0x0000030f      0x5b0 src/ASF/common/boards/user_board/init.o
 .debug_macro   0x000008bf       0x10 src/ASF/common/boards/user_board/init.o
 .debug_macro   0x000008cf      0x1ad src/ASF/common/boards/user_board/init.o
 .debug_macro   0x00000a7c      0x293 src/ASF/common/boards/user_board/init.o
 .debug_macro   0x00000d0f       0x9e src/ASF/common/boards/user_board/init.o
 .debug_macro   0x00000dad     0x54a2 src/ASF/common/boards/user_board/init.o
 .debug_macro   0x0000624f       0x9a src/ASF/common/boards/user_board/init.o
 .debug_macro   0x000062e9       0xf1 src/ASF/common/boards/user_board/init.o
 .debug_macro   0x000063da       0x34 src/ASF/common/boards/user_board/init.o
 .debug_macro   0x0000640e       0x18 src/ASF/common/boards/user_board/init.o
 .debug_macro   0x00006426       0x5e src/ASF/common/boards/user_board/init.o
 .debug_macro   0x00006484       0x10 src/ASF/common/boards/user_board/init.o
 .debug_macro   0x00006494       0x22 src/ASF/common/boards/user_board/init.o
 .debug_macro   0x000064b6      0x16c src/ASF/common/boards/user_board/init.o
 .debug_macro   0x00006622       0x1c src/ASF/common/boards/user_board/init.o
 .debug_macro   0x0000663e       0x35 src/ASF/common/boards/user_board/init.o
 .debug_macro   0x00006673       0x51 src/ASF/common/boards/user_board/init.o
 .debug_macro   0x000066c4      0x2bd src/ASF/common/boards/user_board/init.o
 .debug_macro   0x00006981       0x97 src/ASF/common/boards/user_board/init.o
 .debug_macro   0x00006a18       0x17 src/ASF/common/boards/user_board/init.o
 .debug_macro   0x00006a2f      0x250 src/ASF/common/boards/user_board/init.o
 .debug_macro   0x00006c7f       0x76 src/ASF/common/boards/user_board/init.o
 .debug_macro   0x00006cf5       0x16 src/ASF/common/boards/user_board/init.o
 .debug_macro   0x00006d0b      0x6e0 src/ASF/common/boards/user_board/init.o
 .debug_macro   0x000073eb       0x10 src/ASF/common/boards/user_board/init.o
 .debug_macro   0x000073fb      0x160 src/ASF/common/boards/user_board/init.o
 .debug_macro   0x0000755b       0x40 src/ASF/common/boards/user_board/init.o
 .debug_macro   0x0000759b       0x69 src/ASF/common/boards/user_board/init.o
 .debug_macro   0x00007604       0x32 src/ASF/common/boards/user_board/init.o
 .debug_macro   0x00007636       0xe4 src/ASF/common/boards/user_board/init.o
 .debug_macro   0x0000771a       0x20 src/ASF/common/boards/user_board/init.o
 .debug_macro   0x0000773a       0x10 src/ASF/common/boards/user_board/init.o
 .debug_macro   0x0000774a       0x5e src/ASF/common/boards/user_board/init.o
 .debug_macro   0x000077a8       0x28 src/ASF/common/boards/user_board/init.o
 .debug_macro   0x000077d0      0x1c1 src/ASF/common/boards/user_board/init.o
 .debug_macro   0x00007991       0x66 src/ASF/common/boards/user_board/init.o
 .debug_macro   0x000079f7       0x2f src/ASF/common/boards/user_board/init.o
 .debug_macro   0x00007a26      0x154 src/ASF/common/boards/user_board/init.o
 .debug_macro   0x00007b7a       0xc0 src/ASF/common/boards/user_board/init.o
 .debug_macro   0x00007c3a       0x34 src/ASF/common/boards/user_board/init.o
 .debug_macro   0x00007c6e       0x7c src/ASF/common/boards/user_board/init.o
 .debug_macro   0x00007cea      0x109 src/ASF/common/boards/user_board/init.o
 .debug_macro   0x00007df3       0x12 src/ASF/common/boards/user_board/init.o
 .debug_macro   0x00007e05       0x1c src/ASF/common/boards/user_board/init.o
 .debug_macro   0x00007e21       0x58 src/ASF/common/boards/user_board/init.o
 .debug_macro   0x00007e79       0x10 src/ASF/common/boards/user_board/init.o
 .debug_macro   0x00007e89       0xeb src/ASF/common/boards/user_board/init.o
 .debug_macro   0x00007f74       0x3a src/ASF/common/boards/user_board/init.o
 .debug_macro   0x00007fae      0x1dc src/ASF/common/services/clock/xmega/sysclk.o
 .debug_macro   0x0000818a       0x26 src/ASF/common/services/clock/xmega/sysclk.o
 .debug_macro   0x000081b0      0x189 src/ASF/common/services/ioport/xmega/ioport_compat.o
 .debug_macro   0x00008339      0x214 src/ASF/common/services/serial/usart_serial.o
 .debug_macro   0x0000854d       0x34 src/ASF/common/services/serial/usart_serial.o
 .debug_macro   0x00008581      0x199 src/ASF/common/services/sleepmgr/xmega/sleepmgr.o
 .debug_macro   0x0000871a      0x163 src/ASF/common/utils/stdio/read.o
 .debug_macro   0x0000887d      0x163 src/ASF/common/utils/stdio/write.o
 .debug_macro   0x000089e0      0x231 src/ASF/xmega/drivers/adc/adc.o
 .debug_macro   0x00008c11      0x231 src/ASF/xmega/drivers/adc/xmega_aau/adc_aau.o
 .debug_macro   0x00008e42      0x18e src/ASF/xmega/drivers/nvm/nvm.o
 .debug_macro   0x00008fd0       0x16 src/ASF/xmega/drivers/nvm/nvm.o
 .debug_macro   0x00008fe6      0x228 src/ASF/xmega/drivers/rtc/rtc.o
 .debug_macro   0x0000920e      0x226 src/ASF/xmega/drivers/tc/tc.o
 .debug_macro   0x00009434      0x299 src/ASF/xmega/drivers/tc/tc.o
 .debug_macro   0x000096cd      0x222 src/ASF/xmega/drivers/usart/usart.o
 .debug_macro   0x000098ef      0x30f src/ASF/xmega/services/pwm/pwm.o
 .debug_macro   0x00009bfe      0x36a src/main.o
 .debug_macro   0x00009f68      0x167 src/main.o
OUTPUT(Sumo Robot.elf elf32-avr)
LOAD linker stubs
